Sara@LAPTOP-8G48F3OK MINGW64 ~/proyecto1 (main)
$ pwd
/c/Users/Sara/proyecto1

Sara@LAPTOP-8G48F3OK MINGW64 ~/proyecto1 (main)
$ git init
Initialized empty Git repository in C:/Users/Sara/proyecto1/.git/

Sara@LAPTOP-8G48F3OK MINGW64 ~/proyecto1 (main)
$ ls -al
total 44
drwxr-xr-x 1 Sara 197121 0 Feb  1 16:41 ./
drwxr-xr-x 1 Sara 197121 0 Feb  1 16:27 ../
drwxr-xr-x 1 Sara 197121 0 Feb  1 16:41 .git/

Sara@LAPTOP-8G48F3OK MINGW64 ~/proyecto1 (main)
$ code

Sara@LAPTOP-8G48F3OK MINGW64 ~/proyecto1 (main)
$ git status
On branch main

No commits yet

Untracked files:
  (use "git add <file>..." to include in what will be committed)
        Hola mundo.txt

nothing added to commit but untracked files present (use "git add" to track)

Sara@LAPTOP-8G48F3OK MINGW64 ~/proyecto1 (main)
$ git add .

Sara@LAPTOP-8G48F3OK MINGW64 ~/proyecto1 (main)
$ git status
On branch main

No commits yet

Changes to be committed:
  (use "git rm --cached <file>..." to unstage)
        new file:   Hola mundo.txt


Sara@LAPTOP-8G48F3OK MINGW64 ~/proyecto1 (main)
$ git rm --cached Hola mundo.txt
fatal: pathspec 'Hola' did not match any files

Sara@LAPTOP-8G48F3OK MINGW64 ~/proyecto1 (main)
$ git rm --cached "Hola mundo.txt"
rm 'Hola mundo.txt'

Sara@LAPTOP-8G48F3OK MINGW64 ~/proyecto1 (main)
$ git status
On branch main

No commits yet

Untracked files:
  (use "git add <file>..." to include in what will be committed)
        Hola mundo.txt

nothing added to commit but untracked files present (use "git add" to track)

Sara@LAPTOP-8G48F3OK MINGW64 ~/proyecto1 (main)
$ git add "Hola mundo.txt"

Sara@LAPTOP-8G48F3OK MINGW64 ~/proyecto1 (main)
$ git status
On branch main

No commits yet

Changes to be committed:
  (use "git rm --cached <file>..." to unstage)
        new file:   Hola mundo.txt


Sara@LAPTOP-8G48F3OK MINGW64 ~/proyecto1 (main)
$ git commit -m "este es el primer commit"
[main (root-commit) efec8bd] este es el primer commit
 1 file changed, 5 insertions(+)
 create mode 100644 Hola mundo.txt

Sara@LAPTOP-8G48F3OK MINGW64 ~/proyecto1 (main)
$ git config
usage: git config [<options>]

Config file location
    --global              use global config file
    --system              use system config file
    --local               use repository config file
    --worktree            use per-worktree config file
    -f, --file <file>     use given config file
    --blob <blob-id>      read config from given blob object

Action
    --get                 get value: name [value-pattern]
    --get-all             get all values: key [value-pattern]
    --get-regexp          get values for regexp: name-regex [value-pattern]
    --get-urlmatch        get value specific for the URL: section[.var] URL
    --replace-all         replace all matching variables: name value [value-pattern]
    --add                 add a new variable: name value
    --unset               remove a variable: name [value-pattern]
    --unset-all           remove all matches: name [value-pattern]
    --rename-section      rename section: old-name new-name
    --remove-section      remove a section: name
    -l, --list            list all
    --fixed-value         use string equality when comparing values to 'value-pattern'
    -e, --edit            open an editor
    --get-color           find the color configured: slot [default]
    --get-colorbool       find the color setting: slot [stdout-is-tty]

Type
    -t, --type <>         value is given this type
    --bool                value is "true" or "false"
    --int                 value is decimal number
    --bool-or-int         value is --bool or --int
    --bool-or-str         value is --bool or string
    --path                value is a path (file or directory name)
    --expiry-date         value is an expiry date

Other
    -z, --null            terminate values with NUL byte
    --name-only           show variable names only
    --includes            respect include directives on lookup
    --show-origin         show origin of config (file, standard input, blob, command line)
    --show-scope          show scope of config (worktree, local, global, system, command)
    --default <value>     with --get, use default value when missing entry


Sara@LAPTOP-8G48F3OK MINGW64 ~/proyecto1 (main)
$ git config --list
diff.astextplain.textconv=astextplain
filter.lfs.clean=git-lfs clean -- %f
filter.lfs.smudge=git-lfs smudge -- %f
filter.lfs.process=git-lfs filter-process
filter.lfs.required=true
http.sslbackend=openssl
http.sslcainfo=C:/Program Files/Git/mingw64/ssl/certs/ca-bundle.crt
core.autocrlf=true
core.fscache=true
core.symlinks=false
pull.rebase=false
credential.helper=manager-core
credential.https://dev.azure.com.usehttppath=true
init.defaultbranch=main
user.email=saritaariaslondono12@gmail.com
user.name=sara-34
filter.lfs.clean=git-lfs clean -- %f
filter.lfs.smudge=git-lfs smudge -- %f
filter.lfs.process=git-lfs filter-process
filter.lfs.required=true
core.repositoryformatversion=0
core.filemode=false
core.bare=false
core.logallrefupdates=true
core.symlinks=false
core.ignorecase=true

Sara@LAPTOP-8G48F3OK MINGW64 ~/proyecto1 (main)
$  git status
On branch main
nothing to commit, working tree clean

Sara@LAPTOP-8G48F3OK MINGW64 ~/proyecto1 (main)
$ cat "Hola mundo.txt"
Hola mundo

Febrero 1 2023

miercoles 4:44 pm
Sara@LAPTOP-8G48F3OK MINGW64 ~/proyecto1 (main)
$ git log "Hola mundo.txt"
commit efec8bdad96d49ffb799fabbbd766ea40538874e (HEAD -> main)
Author: sara-34 <saritaariaslondono12@gmail.com>
Date:   Wed Feb 1 16:51:06 2023 -0500

    este es el primer commit

Sara@LAPTOP-8G48F3OK MINGW64 ~/proyecto1 (main)
$ git show "Hola mundo.txt"
commit efec8bdad96d49ffb799fabbbd766ea40538874e (HEAD -> main)
Author: sara-34 <saritaariaslondono12@gmail.com>
Date:   Wed Feb 1 16:51:06 2023 -0500

    este es el primer commit

diff --git a/Hola mundo.txt b/Hola mundo.txt
new file mode 100644
index 0000000..272610e
--- /dev/null
+++ b/Hola mundo.txt
@@ -0,0 +1,5 @@
+Hola mundo
+
+Febrero 1 2023
+
+miercoles 4:44 pm
\ No newline at end of file

Sara@LAPTOP-8G48F3OK MINGW64 ~/proyecto1 (main)
$ pwd
/c/Users/Sara/proyecto1

Sara@LAPTOP-8G48F3OK MINGW64 ~/proyecto1 (main)
$ ls
'Hola mundo.txt'

Sara@LAPTOP-8G48F3OK MINGW64 ~/proyecto1 (main)
$ code "Hola mundo.txt"

Sara@LAPTOP-8G48F3OK MINGW64 ~/proyecto1 (main)
$ git add .

Sara@LAPTOP-8G48F3OK MINGW64 ~/proyecto1 (main)
$ git commit -m "Agregando"
[main 4974c55] Agregando
 1 file changed, 7 insertions(+), 3 deletions(-)

Sara@LAPTOP-8G48F3OK MINGW64 ~/proyecto1 (main)
$ git commit
On branch main
Changes not staged for commit:
  (use "git add <file>..." to update what will be committed)
  (use "git restore <file>..." to discard changes in working directory)
        modified:   Hola mundo.txt

no changes added to commit (use "git add" and/or "git commit -a")

Sara@LAPTOP-8G48F3OK MINGW64 ~/proyecto1 (main)
$ git commit -m "Hola mundo"
On branch main
Changes not staged for commit:
  (use "git add <file>..." to update what will be committed)
  (use "git restore <file>..." to discard changes in working directory)
        modified:   Hola mundo.txt

no changes added to commit (use "git add" and/or "git commit -a")

Sara@LAPTOP-8G48F3OK MINGW64 ~/proyecto1 (main)
$ git add .

Sara@LAPTOP-8G48F3OK MINGW64 ~/proyecto1 (main)
$ git status
On branch main
Changes to be committed:
  (use "git restore --staged <file>..." to unstage)
        modified:   Hola mundo.txt


Sara@LAPTOP-8G48F3OK MINGW64 ~/proyecto1 (main)
$ git show
commit 4974c5518fff7da0e9707ce4a62906400b8695ee (HEAD -> main)
Author: sara-34 <saritaariaslondono12@gmail.com>
Date:   Wed Feb 1 17:17:35 2023 -0500

    Agregando

diff --git a/Hola mundo.txt b/Hola mundo.txt
index 272610e..1d62543 100644
--- a/Hola mundo.txt
+++ b/Hola mundo.txt
@@ -1,5 +1,9 @@
-Hola mundo
+Hola mundo como estas

-Febrero 1 2023
+Febrero 12 2023

-miercoles 4:44 pm
\ No newline at end of file
+miercoles 4:44 pm
+
+2edje
+cjvfvflkvfr
+cfvkfjvr

Sara@LAPTOP-8G48F3OK MINGW64 ~/proyecto1 (main)
$ git log "Hola mundo.txt"
commit 4974c5518fff7da0e9707ce4a62906400b8695ee (HEAD -> main)
Author: sara-34 <saritaariaslondono12@gmail.com>
Date:   Wed Feb 1 17:17:35 2023 -0500

    Agregando

commit efec8bdad96d49ffb799fabbbd766ea40538874e
Author: sara-34 <saritaariaslondono12@gmail.com>
Date:   Wed Feb 1 16:51:06 2023 -0500

    este es el primer commit

Sara@LAPTOP-8G48F3OK MINGW64 ~/proyecto1 (main)
$ git diff efec8bdad96d49ffb799fabbbd766ea40538874e
diff --git a/Hola mundo.txt b/Hola mundo.txt
index 272610e..d94422d 100644
--- a/Hola mundo.txt
+++ b/Hola mundo.txt
@@ -1,5 +1,10 @@
-Hola mundo
+Hola mundo como estas

-Febrero 1 2023
+Febrero 12 2023

-miercoles 4:44 pm
\ No newline at end of file
+miercoles 4:44 pm
+
+2edje
+cjvfvflkvfr
+cfvkfjvr
+hoy es el ceo de plazi
\ No newline at end of file

Sara@LAPTOP-8G48F3OK MINGW64 ~/proyecto1 (main)
$ git diff efec8bdad96d49ffb799fabbbd766ea40538874e ^C

Sara@LAPTOP-8G48F3OK MINGW64 ~/proyecto1 (main)
$ git diff efec8bdad96d49ffb799fabbbd766ea40538874e 4974c5518fff7da0e9707ce4a62906400b8695ee
diff --git a/Hola mundo.txt b/Hola mundo.txt
index 272610e..1d62543 100644
--- a/Hola mundo.txt
+++ b/Hola mundo.txt
@@ -1,5 +1,9 @@
-Hola mundo
+Hola mundo como estas

-Febrero 1 2023
+Febrero 12 2023

-miercoles 4:44 pm
\ No newline at end of file
+miercoles 4:44 pm
+
+2edje
+cjvfvflkvfr
+cfvkfjvr

Sara@LAPTOP-8G48F3OK MINGW64 ~/proyecto1 (main)
$ git log
commit 4974c5518fff7da0e9707ce4a62906400b8695ee (HEAD -> main)
Author: sara-34 <saritaariaslondono12@gmail.com>
Date:   Wed Feb 1 17:17:35 2023 -0500

    Agregando

commit efec8bdad96d49ffb799fabbbd766ea40538874e
Author: sara-34 <saritaariaslondono12@gmail.com>
Date:   Wed Feb 1 16:51:06 2023 -0500

    este es el primer commit

Sara@LAPTOP-8G48F3OK MINGW64 ~/proyecto1 (main)
$ git reset 4974c5518fff7da0e9707ce4a62906400b8695ee --hard
HEAD is now at 4974c55 Agregando

Sara@LAPTOP-8G48F3OK MINGW64 ~/proyecto1 (main)
$ cat "Hola mundo.txt"
Hola mundo como estas

Febrero 12 2023

miercoles 4:44 pm

2edje
cjvfvflkvfr
cfvkfjvr

Sara@LAPTOP-8G48F3OK MINGW64 ~/proyecto1 (main)
$ git log
commit 4974c5518fff7da0e9707ce4a62906400b8695ee (HEAD -> main)
Author: sara-34 <saritaariaslondono12@gmail.com>
Date:   Wed Feb 1 17:17:35 2023 -0500

    Agregando

commit efec8bdad96d49ffb799fabbbd766ea40538874e
Author: sara-34 <saritaariaslondono12@gmail.com>
Date:   Wed Feb 1 16:51:06 2023 -0500

    este es el primer commit

Sara@LAPTOP-8G48F3OK MINGW64 ~/proyecto1 (main)
$ code

Sara@LAPTOP-8G48F3OK MINGW64 ~/proyecto1 (main)
$ git status
On branch main
Untracked files:
  (use "git add <file>..." to include in what will be committed)
        articulo.html

nothing added to commit but untracked files present (use "git add" to track)

Sara@LAPTOP-8G48F3OK MINGW64 ~/proyecto1 (main)
$ ls
'Hola mundo.txt'   articulo.html

Sara@LAPTOP-8G48F3OK MINGW64 ~/proyecto1 (main)
$ git add .

Sara@LAPTOP-8G48F3OK MINGW64 ~/proyecto1 (main)
$ ls
'Hola mundo.txt'   articulo.html

Sara@LAPTOP-8G48F3OK MINGW64 ~/proyecto1 (main)
$ git status
On branch main
Changes to be committed:
  (use "git restore --staged <file>..." to unstage)
        new file:   articulo.html


Sara@LAPTOP-8G48F3OK MINGW64 ~/proyecto1 (main)
$ git status
On branch main
Changes to be committed:
  (use "git restore --staged <file>..." to unstage)
        new file:   articulo.html

Changes not staged for commit:
  (use "git add <file>..." to update what will be committed)
  (use "git restore <file>..." to discard changes in working directory)
        modified:   articulo.html

Untracked files:
  (use "git add <file>..." to include in what will be committed)
        css/


Sara@LAPTOP-8G48F3OK MINGW64 ~/proyecto1 (main)
$ git diff
diff --git a/articulo.html b/articulo.html
index a21200f..c10824f 100644
--- a/articulo.html
+++ b/articulo.html
@@ -1,6 +1,7 @@
 <html>
     <head>
         <title>El titulo del post</title>
+        <link rel="stylesheet" href="css/estilos.css"/>
     </head>
     <body>
         <h1>Aqui vamos hacer un blog post</h1>

Sara@LAPTOP-8G48F3OK MINGW64 ~/proyecto1 (main)
$ git add .

Sara@LAPTOP-8G48F3OK MINGW64 ~/proyecto1 (main)
$ git status
On branch main
Changes to be committed:
  (use "git restore --staged <file>..." to unstage)
        new file:   articulo.html
        new file:   css/estilos.css


Sara@LAPTOP-8G48F3OK MINGW64 ~/proyecto1 (main)
$ git commit -m "mi proyecto real con html y css"
[main 1c03a4e] mi proyecto real con html y css
 2 files changed, 17 insertions(+)
 create mode 100644 articulo.html
 create mode 100644 css/estilos.css

Sara@LAPTOP-8G48F3OK MINGW64 ~/proyecto1 (main)
$ git status
On branch main
nothing to commit, working tree clean

Sara@LAPTOP-8G48F3OK MINGW64 ~/proyecto1 (main)
$ git log
commit 1c03a4e50fb52fb2ab361086edfcd5e567fc983f (HEAD -> main)
Author: sara-34 <saritaariaslondono12@gmail.com>
Date:   Wed Feb 1 18:09:38 2023 -0500

    mi proyecto real con html y css

commit 4974c5518fff7da0e9707ce4a62906400b8695ee
Author: sara-34 <saritaariaslondono12@gmail.com>
Date:   Wed Feb 1 17:17:35 2023 -0500

    Agregando

commit efec8bdad96d49ffb799fabbbd766ea40538874e
Author: sara-34 <saritaariaslondono12@gmail.com>
Date:   Wed Feb 1 16:51:06 2023 -0500

    este es el primer commit

Sara@LAPTOP-8G48F3OK MINGW64 ~/proyecto1 (main)
$ git add .

Sara@LAPTOP-8G48F3OK MINGW64 ~/proyecto1 (main)
$ git commit -m "cambio de vida"
[main dc529e4] cambio de vida
 1 file changed, 2 insertions(+)

Sara@LAPTOP-8G48F3OK MINGW64 ~/proyecto1 (main)
$ git add .

Sara@LAPTOP-8G48F3OK MINGW64 ~/proyecto1 (main)
$ git commit -m "cambio de su maestria"
[main 48e1e04] cambio de su maestria
 1 file changed, 1 insertion(+), 1 deletion(-)

Sara@LAPTOP-8G48F3OK MINGW64 ~/proyecto1 (main)
$ git log
commit 48e1e04a3ed6093dc9f58aff538002f062a33706 (HEAD -> main)
Author: sara-34 <saritaariaslondono12@gmail.com>
Date:   Wed Feb 1 18:11:53 2023 -0500

    cambio de su maestria

commit dc529e4a31ff085d7279efaf00059b98d7956a5b
Author: sara-34 <saritaariaslondono12@gmail.com>
Date:   Wed Feb 1 18:11:13 2023 -0500

    cambio de vida

commit 1c03a4e50fb52fb2ab361086edfcd5e567fc983f
Author: sara-34 <saritaariaslondono12@gmail.com>
Date:   Wed Feb 1 18:09:38 2023 -0500

    mi proyecto real con html y css

commit 4974c5518fff7da0e9707ce4a62906400b8695ee
Author: sara-34 <saritaariaslondono12@gmail.com>
Date:   Wed Feb 1 17:17:35 2023 -0500

    Agregando

commit efec8bdad96d49ffb799fabbbd766ea40538874e
Author: sara-34 <saritaariaslondono12@gmail.com>
Date:   Wed Feb 1 16:51:06 2023 -0500

    este es el primer commit

Sara@LAPTOP-8G48F3OK MINGW64 ~/proyecto1 (main)
$ git log -- stat

Sara@LAPTOP-8G48F3OK MINGW64 ~/proyecto1 (main)
$ git log --stat
commit 48e1e04a3ed6093dc9f58aff538002f062a33706 (HEAD -> main)
Author: sara-34 <saritaariaslondono12@gmail.com>
Date:   Wed Feb 1 18:11:53 2023 -0500

    cambio de su maestria

 Hola mundo.txt | 2 +-
 1 file changed, 1 insertion(+), 1 deletion(-)

commit dc529e4a31ff085d7279efaf00059b98d7956a5b
Author: sara-34 <saritaariaslondono12@gmail.com>
Date:   Wed Feb 1 18:11:13 2023 -0500

    cambio de vida

 Hola mundo.txt | 2 ++
 1 file changed, 2 insertions(+)

commit 1c03a4e50fb52fb2ab361086edfcd5e567fc983f
Author: sara-34 <saritaariaslondono12@gmail.com>
Date:   Wed Feb 1 18:09:38 2023 -0500

    mi proyecto real con html y css

 articulo.html   | 10 ++++++++++
 css/estilos.css |  7 +++++++
 2 files changed, 17 insertions(+)

commit 4974c5518fff7da0e9707ce4a62906400b8695ee
Author: sara-34 <saritaariaslondono12@gmail.com>
Date:   Wed Feb 1 17:17:35 2023 -0500

    Agregando

 Hola mundo.txt | 10 +++++++---
 1 file changed, 7 insertions(+), 3 deletions(-)

commit efec8bdad96d49ffb799fabbbd766ea40538874e
Author: sara-34 <saritaariaslondono12@gmail.com>
Date:   Wed Feb 1 16:51:06 2023 -0500

    este es el primer commit

 Hola mundo.txt | 5 +++++
 1 file changed, 5 insertions(+)

Sara@LAPTOP-8G48F3OK MINGW64 ~/proyecto1 (main)
$ git checkout efec8bdad96d49ffb799fabbbd766ea40538874e "Hola mundo.txt"
Updated 1 path from 82eefc8

Sara@LAPTOP-8G48F3OK MINGW64 ~/proyecto1 (main)
$ git status
On branch main
Changes to be committed:
  (use "git restore --staged <file>..." to unstage)
        modified:   Hola mundo.txt


Sara@LAPTOP-8G48F3OK MINGW64 ~/proyecto1 (main)
$ git checkout master "Hola mundo.txt"
error: pathspec 'master' did not match any file(s) known to git

Sara@LAPTOP-8G48F3OK MINGW64 ~/proyecto1 (main)
$ git checkout main "Hola mundo.txt"
Updated 1 path from e96f684

Sara@LAPTOP-8G48F3OK MINGW64 ~/proyecto1 (main)
$
febrero 02/ 2023

Sara@LAPTOP-8G48F3OK MINGW64 ~/proyecto1/actividades (main)
$ git status
On branch main
Your branch is ahead of 'origin/main' by 1 commit.
  (use "git push" to publish your local commits)

nothing to commit, working tree clean

Sara@LAPTOP-8G48F3OK MINGW64 ~/proyecto1/actividades (main)
$ git show
commit bf4c66154095eb889fd0db345585726f4458536a (HEAD -> main)
Author: sara-34 <saritaariaslondono12@gmail.com>
Date:   Thu Feb 2 14:27:24 2023 -0500

    Modificando archivo

diff --git a/actividades/articulo.html b/actividades/articulo.html
index c10824f..19d686e 100644
--- a/actividades/articulo.html
+++ b/actividades/articulo.html
@@ -4,7 +4,16 @@
         <link rel="stylesheet" href="css/estilos.css"/>
     </head>
     <body>
-        <h1>Aqui vamos hacer un blog post</h1>
-        <p>en este parrafo inicio</p>
+        <div id="container">
+            <div id="post">
+                <h1>Este es el titulo atractivo
+                     e interesante del post</h1>
+                <p>Y este es el parrafo de inicio
+                     donde vamos a explicar
+                      las cosas increibles que
+                      se pueden hacer con ramas</p>
+            </div>
+        </div>
+
     </body>
 </html>
\ No newline at end of file
diff --git a/actividades/css/estilos.css b/actividades/css/estilos.css
index 733b5a6..03ec708 100644
--- a/actividades/css/estilos.css
+++ b/actividades/css/estilos.css
@@ -1,7 +1,26 @@
 body
 {
-    color: blueviolet;
-    text-align: center;
+    color: #333;
+    text-align: left;
     font-family: "Arial";
+    font-size: 16px;
+    margin: 0;
+    padding: 0;
+

Sara@LAPTOP-8G48F3OK MINGW64 ~/proyecto1/actividades (main)
$ git branch cabecera

Sara@LAPTOP-8G48F3OK MINGW64 ~/proyecto1/actividades (main)
$ git show
commit bf4c66154095eb889fd0db345585726f4458536a (HEAD -> main, cabecera)
Author: sara-34 <saritaariaslondono12@gmail.com>
Date:   Thu Feb 2 14:27:24 2023 -0500

    Modificando archivo

diff --git a/actividades/articulo.html b/actividades/articulo.html
index c10824f..19d686e 100644
--- a/actividades/articulo.html
+++ b/actividades/articulo.html
@@ -4,7 +4,16 @@
         <link rel="stylesheet" href="css/estilos.css"/>
     </head>
     <body>
-        <h1>Aqui vamos hacer un blog post</h1>
-        <p>en este parrafo inicio</p>
+        <div id="container">
+            <div id="post">
+                <h1>Este es el titulo atractivo
+                     e interesante del post</h1>
+                <p>Y este es el parrafo de inicio
+                     donde vamos a explicar
+                      las cosas increibles que
+                      se pueden hacer con ramas</p>
+            </div>
+        </div>
+
     </body>
 </html>
\ No newline at end of file
diff --git a/actividades/css/estilos.css b/actividades/css/estilos.css
index 733b5a6..03ec708 100644
--- a/actividades/css/estilos.css
+++ b/actividades/css/estilos.css
@@ -1,7 +1,26 @@
 body
 {
-    color: blueviolet;
-    text-align: center;
+    color: #333;
+    text-align: left;
     font-family: "Arial";
+    font-size: 16px;
+    margin: 0;
+    padding: 0;
+

Sara@LAPTOP-8G48F3OK MINGW64 ~/proyecto1/actividades (main)
$

Sara@LAPTOP-8G48F3OK MINGW64 ~/proyecto1/actividades (main)
$ git status
On branch main
Your branch is ahead of 'origin/main' by 1 commit.
  (use "git push" to publish your local commits)

nothing to commit, working tree clean

Sara@LAPTOP-8G48F3OK MINGW64 ~/proyecto1/actividades (main)
$ git checkout cabecera
Switched to branch 'cabecera'

Sara@LAPTOP-8G48F3OK MINGW64 ~/proyecto1/actividades (cabecera)
$ git checkout main
Switched to branch 'main'
Your branch is ahead of 'origin/main' by 1 commit.
  (use "git push" to publish your local commits)

Sara@LAPTOP-8G48F3OK MINGW64 ~/proyecto1/actividades (main)
$ git checkout cabecera
Switched to branch 'cabecera'

Sara@LAPTOP-8G48F3OK MINGW64 ~/proyecto1/actividades (cabecera)
$ git status
On branch cabecera
nothing to commit, working tree clean

Sara@LAPTOP-8G48F3OK MINGW64 ~/proyecto1/actividades (cabecera)
$ git status
On branch cabecera
Changes not staged for commit:
  (use "git add <file>..." to update what will be committed)
  (use "git restore <file>..." to discard changes in working directory)
        modified:   articulo.html

no changes added to commit (use "git add" and/or "git commit -a")

Sara@LAPTOP-8G48F3OK MINGW64 ~/proyecto1/actividades (cabecera)
$ git add articulo.htm
fatal: pathspec 'articulo.htm' did not match any files

Sara@LAPTOP-8G48F3OK MINGW64 ~/proyecto1/actividades (cabecera)
$ git add articulo.html

Sara@LAPTOP-8G48F3OK MINGW64 ~/proyecto1/actividades (cabecera)
$ git commit
[cabecera de91a35] ines starting
 1 file changed, 3 insertions(+)

Sara@LAPTOP-8G48F3OK MINGW64 ~/proyecto1/actividades (cabecera)
$ git commit
On branch cabecera
nothing to commit, working tree clean

Sara@LAPTOP-8G48F3OK MINGW64 ~/proyecto1/actividades (cabecera)
$ git status
On branch cabecera
nothing to commit, working tree clean

Sara@LAPTOP-8G48F3OK MINGW64 ~/proyecto1/actividades (cabecera)
$ git show
commit de91a352445fbee1d8ec58fbf4cedd00b98a8663 (HEAD -> cabecera)
Author: sara-34 <saritaariaslondono12@gmail.com>
Date:   Thu Feb 2 14:44:44 2023 -0500

    ines starting

diff --git a/actividades/articulo.html b/actividades/articulo.html
index 19d686e..383f788 100644
--- a/actividades/articulo.html
+++ b/actividades/articulo.html
@@ -5,6 +5,9 @@
     </head>
     <body>
         <div id="container">
+            <div id="cabecera">
+                Cabecera
+            </div>
             <div id="post">
                 <h1>Este es el titulo atractivo
                      e interesante del post</h1>

Sara@LAPTOP-8G48F3OK MINGW64 ~/proyecto1/actividades (cabecera)
$ git log
commit de91a352445fbee1d8ec58fbf4cedd00b98a8663 (HEAD -> cabecera)
Author: sara-34 <saritaariaslondono12@gmail.com>
Date:   Thu Feb 2 14:44:44 2023 -0500

    ines starting

commit bf4c66154095eb889fd0db345585726f4458536a (main)
Author: sara-34 <saritaariaslondono12@gmail.com>
Date:   Thu Feb 2 14:27:24 2023 -0500

    Modificando archivo

commit e0eef5247af5c62893e7b4bcbf99da8c80d27d36 (origin/main)
Author: sara-34 <saritaariaslondono12@gmail.com>
Date:   Wed Feb 1 18:30:06 2023 -0500

    Actividad

Sara@LAPTOP-8G48F3OK MINGW64 ~/proyecto1/actividades (cabecera)
$ git checkout main
Switched to branch 'main'
Your branch is ahead of 'origin/main' by 1 commit.
  (use "git push" to publish your local commits)

Sara@LAPTOP-8G48F3OK MINGW64 ~/proyecto1/actividades (main)
$ git checkout cabecera
Switched to branch 'cabecera'

Sara@LAPTOP-8G48F3OK MINGW64 ~/proyecto1/actividades (cabecera)
$ git checkout main
Switched to branch 'main'
Your branch is ahead of 'origin/main' by 1 commit.
  (use "git push" to publish your local commits)

Sara@LAPTOP-8G48F3OK MINGW64 ~/proyecto1/actividades (main)
$ git log
commit bf4c66154095eb889fd0db345585726f4458536a (HEAD -> main)
Author: sara-34 <saritaariaslondono12@gmail.com>
Date:   Thu Feb 2 14:27:24 2023 -0500

    Modificando archivo

commit e0eef5247af5c62893e7b4bcbf99da8c80d27d36 (origin/main)
Author: sara-34 <saritaariaslondono12@gmail.com>
Date:   Wed Feb 1 18:30:06 2023 -0500

    Actividad

Sara@LAPTOP-8G48F3OK MINGW64 ~/proyecto1/actividades (main)
$ git checkout cabecera
Switched to branch 'cabecera'

Sara@LAPTOP-8G48F3OK MINGW64 ~/proyecto1/actividades (cabecera)
$ git log
commit de91a352445fbee1d8ec58fbf4cedd00b98a8663 (HEAD -> cabecera)
Author: sara-34 <saritaariaslondono12@gmail.com>
Date:   Thu Feb 2 14:44:44 2023 -0500

    ines starting

commit bf4c66154095eb889fd0db345585726f4458536a (main)
Author: sara-34 <saritaariaslondono12@gmail.com>
Date:   Thu Feb 2 14:27:24 2023 -0500

    Modificando archivo

commit e0eef5247af5c62893e7b4bcbf99da8c80d27d36 (origin/main)
Author: sara-34 <saritaariaslondono12@gmail.com>
Date:   Wed Feb 1 18:30:06 2023 -0500

    Actividad

Sara@LAPTOP-8G48F3OK MINGW64 ~/proyecto1/actividades (cabecera)
$ git checkout -b html
Switched to a new branch 'html'

Sara@LAPTOP-8G48F3OK MINGW64 ~/proyecto1/actividades (html)
$ git status
On branch html
Changes not staged for commit:
  (use "git add <file>..." to update what will be committed)
  (use "git restore <file>..." to discard changes in working directory)
        modified:   articulo.html

no changes added to commit (use "git add" and/or "git commit -a")

Sara@LAPTOP-8G48F3OK MINGW64 ~/proyecto1/actividades (html)
$ git add .

Sara@LAPTOP-8G48F3OK MINGW64 ~/proyecto1/actividades (html)
$ git commit
[html d805789] Modificando html
 1 file changed, 2 insertions(+), 1 deletion(-)

Sara@LAPTOP-8G48F3OK MINGW64 ~/proyecto1/actividades (html)
$ git log
commit d8057899cff8eef1fba598f280c587926e3c2f43 (HEAD -> html)
Author: sara-34 <saritaariaslondono12@gmail.com>
Date:   Thu Feb 2 15:07:07 2023 -0500

    Modificando html

commit de91a352445fbee1d8ec58fbf4cedd00b98a8663 (cabecera)
Author: sara-34 <saritaariaslondono12@gmail.com>
Date:   Thu Feb 2 14:44:44 2023 -0500

    ines starting

commit bf4c66154095eb889fd0db345585726f4458536a (main)
Author: sara-34 <saritaariaslondono12@gmail.com>
Date:   Thu Feb 2 14:27:24 2023 -0500

    Modificando archivo

commit e0eef5247af5c62893e7b4bcbf99da8c80d27d36 (origin/main)
Author: sara-34 <saritaariaslondono12@gmail.com>
Date:   Wed Feb 1 18:30:06 2023 -0500

    Actividad

Sara@LAPTOP-8G48F3OK MINGW64 ~/proyecto1/actividades (html)
$ git checkout cabecera
Switched to branch 'cabecera'

Sara@LAPTOP-8G48F3OK MINGW64 ~/proyecto1/actividades (cabecera)
$ git checkout main
Switched to branch 'main'
Your branch is ahead of 'origin/main' by 1 commit.
  (use "git push" to publish your local commits)

Sara@LAPTOP-8G48F3OK MINGW64 ~/proyecto1/actividades (main)
$ git checkout cabecera
Switched to branch 'cabecera'

Sara@LAPTOP-8G48F3OK MINGW64 ~/proyecto1/actividades (cabecera)
$ git commit -an
Aborting commit due to empty commit message.

Sara@LAPTOP-8G48F3OK MINGW64 ~/proyecto1/actividades (cabecera)
$ git commit -am
error: switch `m' requires a value

Sara@LAPTOP-8G48F3OK MINGW64 ~/proyecto1/actividades (cabecera)
$ git commit -am "Finalizada la cabecera con diseño azul"
[cabecera fc9b968] Finalizada la cabecera con diseño azul
 2 files changed, 22 insertions(+), 1 deletion(-)

Sara@LAPTOP-8G48F3OK MINGW64 ~/proyecto1/actividades (cabecera)
$ git status
On branch cabecera
nothing to commit, working tree clean

Sara@LAPTOP-8G48F3OK MINGW64 ~/proyecto1/actividades (cabecera)
$ git checkout main
Switched to branch 'main'
Your branch is ahead of 'origin/main' by 1 commit.
  (use "git push" to publish your local commits)

Sara@LAPTOP-8G48F3OK MINGW64 ~/proyecto1/actividades (main)
$ git checkout cabecera
Switched to branch 'cabecera'

Sara@LAPTOP-8G48F3OK MINGW64 ~/proyecto1/actividades (cabecera)
$ git checkout main
Switched to branch 'main'
Your branch is ahead of 'origin/main' by 1 commit.
  (use "git push" to publish your local commits)

Sara@LAPTOP-8G48F3OK MINGW64 ~/proyecto1/actividades (main)
$ git commit -am "Agregado el parrafo"
[main 48a228d] Agregado el parrafo
 1 file changed, 5 insertions(+)

Sara@LAPTOP-8G48F3OK MINGW64 ~/proyecto1/actividades (main)
$ git checkout cabecera
Switched to branch 'cabecera'

Sara@LAPTOP-8G48F3OK MINGW64 ~/proyecto1/actividades (cabecera)
$ git checkout main
Switched to branch 'main'
Your branch is ahead of 'origin/main' by 2 commits.
  (use "git push" to publish your local commits)

Sara@LAPTOP-8G48F3OK MINGW64 ~/proyecto1/actividades (main)
$ git checkout cabecera
Switched to branch 'cabecera'

Sara@LAPTOP-8G48F3OK MINGW64 ~/proyecto1/actividades (cabecera)
$ git status
On branch cabecera
nothing to commit, working tree clean

Sara@LAPTOP-8G48F3OK MINGW64 ~/proyecto1/actividades (cabecera)
$ git log
commit fc9b9689eb0155079ee2b2b8b191bdfd8aee5913 (HEAD -> cabecera)
Author: sara-34 <saritaariaslondono12@gmail.com>
Date:   Thu Feb 2 15:27:03 2023 -0500

    Finalizada la cabecera con diseño azul

commit de91a352445fbee1d8ec58fbf4cedd00b98a8663
Author: sara-34 <saritaariaslondono12@gmail.com>
Date:   Thu Feb 2 14:44:44 2023 -0500

    ines starting

commit bf4c66154095eb889fd0db345585726f4458536a
Author: sara-34 <saritaariaslondono12@gmail.com>
Date:   Thu Feb 2 14:27:24 2023 -0500

    Modificando archivo

commit e0eef5247af5c62893e7b4bcbf99da8c80d27d36 (origin/main)
Author: sara-34 <saritaariaslondono12@gmail.com>
Date:   Wed Feb 1 18:30:06 2023 -0500

    Actividad

Sara@LAPTOP-8G48F3OK MINGW64 ~/proyecto1/actividades (cabecera)
$ git checkout main
Switched to branch 'main'
Your branch is ahead of 'origin/main' by 2 commits.
  (use "git push" to publish your local commits)

Sara@LAPTOP-8G48F3OK MINGW64 ~/proyecto1/actividades (main)
$ git log
commit 48a228d2883cdfadf5ce3495c562a0aae602ae76 (HEAD -> main)
Author: sara-34 <saritaariaslondono12@gmail.com>
Date:   Thu Feb 2 15:31:02 2023 -0500

    Agregado el parrafo

commit bf4c66154095eb889fd0db345585726f4458536a
Author: sara-34 <saritaariaslondono12@gmail.com>
Date:   Thu Feb 2 14:27:24 2023 -0500

    Modificando archivo

commit e0eef5247af5c62893e7b4bcbf99da8c80d27d36 (origin/main)
Author: sara-34 <saritaariaslondono12@gmail.com>
Date:   Wed Feb 1 18:30:06 2023 -0500

    Actividad

Sara@LAPTOP-8G48F3OK MINGW64 ~/proyecto1/actividades (main)
$ git merge cabecera
Auto-merging actividades/articulo.html
Merge made by the 'recursive' strategy.
 actividades/articulo.html   |  6 ++++++
 actividades/css/estilos.css | 18 ++++++++++++++++++
 2 files changed, 24 insertions(+)

Sara@LAPTOP-8G48F3OK MINGW64 ~/proyecto1/actividades (main)
$ git log
commit 733da9d53028c6f7ffef1994b9352a47a3c6a9f3 (HEAD -> main)
Merge: 48a228d fc9b968
Author: sara-34 <saritaariaslondono12@gmail.com>
Date:   Thu Feb 2 15:35:00 2023 -0500

    Merge branch 'cabecera'

commit 48a228d2883cdfadf5ce3495c562a0aae602ae76
Author: sara-34 <saritaariaslondono12@gmail.com>
Date:   Thu Feb 2 15:31:02 2023 -0500

    Agregado el parrafo

commit fc9b9689eb0155079ee2b2b8b191bdfd8aee5913 (cabecera)
Author: sara-34 <saritaariaslondono12@gmail.com>
Date:   Thu Feb 2 15:27:03 2023 -0500

    Finalizada la cabecera con diseño azul

commit de91a352445fbee1d8ec58fbf4cedd00b98a8663
Author: sara-34 <saritaariaslondono12@gmail.com>
Date:   Thu Feb 2 14:44:44 2023 -0500

    ines starting

commit bf4c66154095eb889fd0db345585726f4458536a
Author: sara-34 <saritaariaslondono12@gmail.com>
Date:   Thu Feb 2 14:27:24 2023 -0500

    Modificando archivo

commit e0eef5247af5c62893e7b4bcbf99da8c80d27d36 (origin/main)
Author: sara-34 <saritaariaslondono12@gmail.com>
Date:   Wed Feb 1 18:30:06 2023 -0500

    Actividad

Sara@LAPTOP-8G48F3OK MINGW64 ~/proyecto1/actividades (main)
$ git status
On branch main
Your branch is ahead of 'origin/main' by 5 commits.
  (use "git push" to publish your local commits)

Changes not staged for commit:
  (use "git add <file>..." to update what will be committed)
  (use "git restore <file>..." to discard changes in working directory)
        modified:   css/estilos.css

no changes added to commit (use "git add" and/or "git commit -a")

Sara@LAPTOP-8G48F3OK MINGW64 ~/proyecto1/actividades (main)
$ git add .

Sara@LAPTOP-8G48F3OK MINGW64 ~/proyecto1/actividades (main)
$ git status
On branch main
Your branch is ahead of 'origin/main' by 5 commits.
  (use "git push" to publish your local commits)

Changes to be committed:
  (use "git restore --staged <file>..." to unstage)
        modified:   css/estilos.css


Sara@LAPTOP-8G48F3OK MINGW64 ~/proyecto1/actividades (main)
$ git log
commit 733da9d53028c6f7ffef1994b9352a47a3c6a9f3 (HEAD -> main)
Merge: 48a228d fc9b968
Author: sara-34 <saritaariaslondono12@gmail.com>
Date:   Thu Feb 2 15:35:00 2023 -0500

    Merge branch 'cabecera'

commit 48a228d2883cdfadf5ce3495c562a0aae602ae76
Author: sara-34 <saritaariaslondono12@gmail.com>
Date:   Thu Feb 2 15:31:02 2023 -0500

    Agregado el parrafo

commit fc9b9689eb0155079ee2b2b8b191bdfd8aee5913 (cabecera)
Author: sara-34 <saritaariaslondono12@gmail.com>
Date:   Thu Feb 2 15:27:03 2023 -0500

    Finalizada la cabecera con diseño azul

commit de91a352445fbee1d8ec58fbf4cedd00b98a8663
Author: sara-34 <saritaariaslondono12@gmail.com>
Date:   Thu Feb 2 14:44:44 2023 -0500

    ines starting

commit bf4c66154095eb889fd0db345585726f4458536a
Author: sara-34 <saritaariaslondono12@gmail.com>
Date:   Thu Feb 2 14:27:24 2023 -0500

    Modificando archivo

commit e0eef5247af5c62893e7b4bcbf99da8c80d27d36 (origin/main)
Author: sara-34 <saritaariaslondono12@gmail.com>
Date:   Wed Feb 1 18:30:06 2023 -0500

    Actividad

Sara@LAPTOP-8G48F3OK MINGW64 ~/proyecto1/actividades (main)
$ git show
commit 733da9d53028c6f7ffef1994b9352a47a3c6a9f3 (HEAD -> main)
Merge: 48a228d fc9b968
Author: sara-34 <saritaariaslondono12@gmail.com>
Date:   Thu Feb 2 15:35:00 2023 -0500

    Merge branch 'cabecera'


Sara@LAPTOP-8G48F3OK MINGW64 ~/proyecto1/actividades (main)
$ git status
On branch main
Your branch is ahead of 'origin/main' by 5 commits.
  (use "git push" to publish your local commits)

Changes to be committed:
  (use "git restore --staged <file>..." to unstage)
        modified:   css/estilos.css


Sara@LAPTOP-8G48F3OK MINGW64 ~/proyecto1/actividades (main)
$ git checkout cabecera
Switched to branch 'cabecera'
M       actividades/css/estilos.css

Sara@LAPTOP-8G48F3OK MINGW64 ~/proyecto1/actividades (cabecera)
$ git checkout main
Switched to branch 'main'
M       actividades/css/estilos.css
Your branch is ahead of 'origin/main' by 5 commits.
  (use "git push" to publish your local commits)

Sara@LAPTOP-8G48F3OK MINGW64 ~/proyecto1/actividades (main)
$ git merge main
Already up to date.

Sara@LAPTOP-8G48F3OK MINGW64 ~/proyecto1/actividades (main)
$ git checkout cabecera
Switched to branch 'cabecera'
M       actividades/css/estilos.css

Sara@LAPTOP-8G48F3OK MINGW64 ~/proyecto1/actividades (cabecera)
$ git marge main
git: 'marge' is not a git command. See 'git --help'.

The most similar command is
        merge

Sara@LAPTOP-8G48F3OK MINGW64 ~/proyecto1/actividades (cabecera)
$ git merge main
Updating fc9b968..733da9d
Fast-forward
 actividades/articulo.html | 5 +++++
 1 file changed, 5 insertions(+)

Sara@LAPTOP-8G48F3OK MINGW64 ~/proyecto1/actividades (cabecera)
$ git checkout main
Switched to branch 'main'
M       actividades/css/estilos.css
Your branch is ahead of 'origin/main' by 5 commits.
  (use "git push" to publish your local commits)

Sara@LAPTOP-8G48F3OK MINGW64 ~/proyecto1/actividades (main)
$ git checkout cabecera
Switched to branch 'cabecera'
M       actividades/css/estilos.css

Sara@LAPTOP-8G48F3OK MINGW64 ~/proyecto1/actividades (cabecera)
$ git status
On branch cabecera
Changes to be committed:
  (use "git restore --staged <file>..." to unstage)
        modified:   css/estilos.css


Sara@LAPTOP-8G48F3OK MINGW64 ~/proyecto1/actividades (cabecera)
$ git commit -am "modifique la cabecera"
[cabecera a96c99d] modifique la cabecera
 2 files changed, 3 insertions(+), 3 deletions(-)

Sara@LAPTOP-8G48F3OK MINGW64 ~/proyecto1/actividades (cabecera)
$ git checkout main
Switched to branch 'main'
Your branch is ahead of 'origin/main' by 5 commits.
  (use "git push" to publish your local commits)

Sara@LAPTOP-8G48F3OK MINGW64 ~/proyecto1/actividades (main)
$ git status
On branch main
Your branch is ahead of 'origin/main' by 5 commits.
  (use "git push" to publish your local commits)

Changes not staged for commit:
  (use "git add <file>..." to update what will be committed)
  (use "git restore <file>..." to discard changes in working directory)
        modified:   articulo.html

no changes added to commit (use "git add" and/or "git commit -a")

Sara@LAPTOP-8G48F3OK MINGW64 ~/proyecto1/actividades (main)
$ git commit -am "Agrego suscripcion"
[main f2b3f5d] Agrego suscripcion
 1 file changed, 2 insertions(+), 1 deletion(-)

Sara@LAPTOP-8G48F3OK MINGW64 ~/proyecto1/actividades (main)
$ git checkout cabecera
Switched to branch 'cabecera'

Sara@LAPTOP-8G48F3OK MINGW64 ~/proyecto1/actividades (cabecera)
$ git checkout main
Switched to branch 'main'
Your branch is ahead of 'origin/main' by 6 commits.
  (use "git push" to publish your local commits)

Sara@LAPTOP-8G48F3OK MINGW64 ~/proyecto1/actividades (main)
$ git checkout cabecera
Switched to branch 'cabecera'

Sara@LAPTOP-8G48F3OK MINGW64 ~/proyecto1/actividades (cabecera)
$ git checkout main
Switched to branch 'main'
Your branch is ahead of 'origin/main' by 6 commits.
  (use "git push" to publish your local commits)

Sara@LAPTOP-8G48F3OK MINGW64 ~/proyecto1/actividades (main)
$ git merge cabecera
Auto-merging actividades/articulo.html
CONFLICT (content): Merge conflict in actividades/articulo.html
Automatic merge failed; fix conflicts and then commit the result.

Sara@LAPTOP-8G48F3OK MINGW64 ~/proyecto1/actividades (main|MERGING)
$ git log
commit f2b3f5d3289cd7d6d6e7095f6a9494c4d97790f7 (HEAD -> main)
Author: sara-34 <saritaariaslondono12@gmail.com>
Date:   Thu Feb 2 15:56:03 2023 -0500

    Agrego suscripcion

commit 733da9d53028c6f7ffef1994b9352a47a3c6a9f3
Merge: 48a228d fc9b968
Author: sara-34 <saritaariaslondono12@gmail.com>
Date:   Thu Feb 2 15:35:00 2023 -0500

    Merge branch 'cabecera'

commit 48a228d2883cdfadf5ce3495c562a0aae602ae76
Author: sara-34 <saritaariaslondono12@gmail.com>
Date:   Thu Feb 2 15:31:02 2023 -0500

    Agregado el parrafo

commit fc9b9689eb0155079ee2b2b8b191bdfd8aee5913
Author: sara-34 <saritaariaslondono12@gmail.com>
Date:   Thu Feb 2 15:27:03 2023 -0500

    Finalizada la cabecera con diseño azul

commit de91a352445fbee1d8ec58fbf4cedd00b98a8663
Author: sara-34 <saritaariaslondono12@gmail.com>
Date:   Thu Feb 2 14:44:44 2023 -0500

    ines starting

commit bf4c66154095eb889fd0db345585726f4458536a
Author: sara-34 <saritaariaslondono12@gmail.com>
Date:   Thu Feb 2 14:27:24 2023 -0500

    Modificando archivo

commit e0eef5247af5c62893e7b4bcbf99da8c80d27d36 (origin/main)
Author: sara-34 <saritaariaslondono12@gmail.com>
Date:   Wed Feb 1 18:30:06 2023 -0500

    Actividad

Sara@LAPTOP-8G48F3OK MINGW64 ~/proyecto1/actividades (main|MERGING)
$ git status
On branch main
Your branch is ahead of 'origin/main' by 6 commits.
  (use "git push" to publish your local commits)

You have unmerged paths.
  (fix conflicts and run "git commit")
  (use "git merge --abort" to abort the merge)

Changes to be committed:
        modified:   css/estilos.css

Unmerged paths:
  (use "git add <file>..." to mark resolution)
        both modified:   articulo.html


Sara@LAPTOP-8G48F3OK MINGW64 ~/proyecto1/actividades (main|MERGING)
$ git commit -am "Solucion de conflicto"
[main 5848c33] Solucion de conflicto

Sara@LAPTOP-8G48F3OK MINGW64 ~/proyecto1/actividades (main)
$ git status
On branch main
Your branch is ahead of 'origin/main' by 8 commits.
  (use "git push" to publish your local commits)

nothing to commit, working tree clean

Sara@LAPTOP-8G48F3OK MINGW64 ~/proyecto1/actividades (main)
$ git checkout cabecera
Switched to branch 'cabecera'

Sara@LAPTOP-8G48F3OK MINGW64 ~/proyecto1/actividades (cabecera)
$ git checkout main
Switched to branch 'main'
Your branch is ahead of 'origin/main' by 8 commits.
  (use "git push" to publish your local commits)

Sara@LAPTOP-8G48F3OK MINGW64 ~/proyecto1/actividades (main)
$ git remote add origin https://github.com/sara-34/hyperblog.git
error: remote origin already exists.

Sara@LAPTOP-8G48F3OK MINGW64 ~/proyecto1/actividades (main)
$ git remote
origin

Sara@LAPTOP-8G48F3OK MINGW64 ~/proyecto1/actividades (main)
$ ls -al
total 33
drwxr-xr-x 1 Sara 197121     0 Feb  2 16:02  ./
drwxr-xr-x 1 Sara 197121     0 Feb  1 18:29  ../
-rw-r--r-- 1 Sara 197121    81 Feb  1 18:20 'Hola mundo.txt'
-rw-r--r-- 1 Sara 197121  1009 Feb  2 16:02  articulo.html
-rw-r--r-- 1 Sara 197121 17177 Feb  1 18:19  codigo-github.txt
drwxr-xr-x 1 Sara 197121     0 Feb  2 15:58  css/

Sara@LAPTOP-8G48F3OK MINGW64 ~/proyecto1/actividades (main)
$ git push origin main
Enumerating objects: 43, done.
Counting objects: 100% (43/43), done.
Delta compression using up to 4 threads
Compressing objects: 100% (27/27), done.
Writing objects: 100% (38/38), 3.34 KiB | 285.00 KiB/s, done.
Total 38 (delta 19), reused 0 (delta 0), pack-reused 0
remote: Resolving deltas: 100% (19/19), completed with 1 local object.
To https://github.com/sara-34/curso-profesional-git-git-hub-platzi.git
   e0eef52..5848c33  main -> main

Sara@LAPTOP-8G48F3OK MINGW64 ~/proyecto1/actividades (main)
$ git pull origin main
From https://github.com/sara-34/curso-profesional-git-git-hub-platzi
 * branch            main       -> FETCH_HEAD
Already up to date.

Sara@LAPTOP-8G48F3OK MINGW64 ~/proyecto1/actividades (main)
$ git status
On branch main
Your branch is up to date with 'origin/main'.

nothing to commit, working tree clean

Sara@LAPTOP-8G48F3OK MINGW64 ~/proyecto1/actividades (main)
$  git starus
git: 'starus' is not a git command. See 'git --help'.

The most similar command is
        status

Sara@LAPTOP-8G48F3OK MINGW64 ~/proyecto1/actividades (main)
$ git status
On branch main
Your branch is up to date with 'origin/main'.

nothing to commit, working tree clean

Sara@LAPTOP-8G48F3OK MINGW64 ~/proyecto1/actividades (main)
$ git log
commit 5848c333de65a906f93d6e56b1bfd4aa82ac73b2 (HEAD -> main, origin/main)
Merge: f2b3f5d a96c99d
Author: sara-34 <saritaariaslondono12@gmail.com>
Date:   Thu Feb 2 16:01:41 2023 -0500

    Solucion de conflicto

commit f2b3f5d3289cd7d6d6e7095f6a9494c4d97790f7
Author: sara-34 <saritaariaslondono12@gmail.com>
Date:   Thu Feb 2 15:56:03 2023 -0500

    Agrego suscripcion

commit a96c99d93a4886862ea07fb3d2acceeede6fd3db (cabecera)
Author: sara-34 <saritaariaslondono12@gmail.com>
Date:   Thu Feb 2 15:54:35 2023 -0500

    modifique la cabecera

commit 733da9d53028c6f7ffef1994b9352a47a3c6a9f3
Merge: 48a228d fc9b968
Author: sara-34 <saritaariaslondono12@gmail.com>
Date:   Thu Feb 2 15:35:00 2023 -0500

    Merge branch 'cabecera'

commit 48a228d2883cdfadf5ce3495c562a0aae602ae76
Author: sara-34 <saritaariaslondono12@gmail.com>
Date:   Thu Feb 2 15:31:02 2023 -0500

    Agregado el parrafo

commit fc9b9689eb0155079ee2b2b8b191bdfd8aee5913
Author: sara-34 <saritaariaslondono12@gmail.com>
Date:   Thu Feb 2 15:27:03 2023 -0500

    Finalizada la cabecera con diseño azul

commit de91a352445fbee1d8ec58fbf4cedd00b98a8663
Author: sara-34 <saritaariaslondono12@gmail.com>
Date:   Thu Feb 2 14:44:44 2023 -0500

    ines starting

commit bf4c66154095eb889fd0db345585726f4458536a
Author: sara-34 <saritaariaslondono12@gmail.com>
:

Sara@LAPTOP-8G48F3OK MINGW64 ~ (main)
$ cd

Sara@LAPTOP-8G48F3OK MINGW64 ~ (main)
$ cd ..

Sara@LAPTOP-8G48F3OK MINGW64 /c/Users
$ cd

Sara@LAPTOP-8G48F3OK MINGW64 ~ (main)
$ git config -l
diff.astextplain.textconv=astextplain
filter.lfs.clean=git-lfs clean -- %f
filter.lfs.smudge=git-lfs smudge -- %f
filter.lfs.process=git-lfs filter-process
filter.lfs.required=true
http.sslbackend=openssl
http.sslcainfo=C:/Program Files/Git/mingw64/ssl/certs/ca-bundle.crt
core.autocrlf=true
core.fscache=true
core.symlinks=false
pull.rebase=false
credential.helper=manager-core
credential.https://dev.azure.com.usehttppath=true
init.defaultbranch=main
user.email=saritaariaslondono12@gmail.com
user.name=sara-34
filter.lfs.clean=git-lfs clean -- %f
filter.lfs.smudge=git-lfs smudge -- %f
filter.lfs.process=git-lfs filter-process
filter.lfs.required=true
core.repositoryformatversion=0
core.filemode=false
core.bare=false
core.logallrefupdates=true
core.symlinks=false
core.ignorecase=true
remote.origin.url=https://github.com/paula1278/Actividad-participantes-AyB.git
remote.origin.fetch=+refs/heads/*:refs/remotes/origin/*
lfs.repositoryformatversion=0
lfs.https://github.com/paula1278/Actividad-participantes-AyB.git/info/lfs.access=basic

Sara@LAPTOP-8G48F3OK MINGW64 ~ (main)
$ ssh-keygen -t rsa -b 4096 -C "saritaariaslondono12@gmail.com"
Generating public/private rsa key pair.
Enter file in which to save the key (/c/Users/Sara/.ssh/id_rsa):
Created directory '/c/Users/Sara/.ssh'.
Enter passphrase (empty for no passphrase):
Enter same passphrase again:
Your identification has been saved in /c/Users/Sara/.ssh/id_rsa
Your public key has been saved in /c/Users/Sara/.ssh/id_rsa.pub
The key fingerprint is:
SHA256:PzyKdxUcp4YyLkPeP6UhKwWcmyrYS9kznWk/ikoE8VM saritaariaslondono12@gmail.com
The key's randomart image is:
+---[RSA 4096]----+
|.   E            |
| o .        . .  |
|. o  . .   o +   |
| . .  = o . =    |
|  .  o *So . .   |
| . o .*o=o. o    |
| o+ +.=+ +==     |
|.oo .=.o+.=o     |
|  o+. o+oo .     |
+----[SHA256]-----+

Sara@LAPTOP-8G48F3OK MINGW64 ~ (main)
$ eval $(ssh-agent -s)
Agent pid 1512

Sara@LAPTOP-8G48F3OK MINGW64 ~ (main)
$ ssh-add ~/.ssh/id_rsa
Identity added: /c/Users/Sara/.ssh/id_rsa (saritaariaslondono12@gmail.com)

Sara@LAPTOP-8G48F3OK MINGW64 ~ (main)
$ cd proyecto1/

Sara@LAPTOP-8G48F3OK MINGW64 ~/proyecto1 (main)
$ ls
actividades/

Sara@LAPTOP-8G48F3OK MINGW64 ~/proyecto1 (main)
$ cd actividades/

Sara@LAPTOP-8G48F3OK MINGW64 ~/proyecto1/actividades (main)
$ ls
'Hola mundo.txt'   articulo.html   codigo-github.txt   css/

Sara@LAPTOP-8G48F3OK MINGW64 ~/proyecto1/actividades (main)
$ cd ..

Sara@LAPTOP-8G48F3OK MINGW64 ~/proyecto1 (main)
$ cd actividades/

Sara@LAPTOP-8G48F3OK MINGW64 ~/proyecto1/actividades (main)
$ git remote -v
origin  https://github.com/sara-34/curso-profesional-git-git-hub-platzi.git (fetch)
origin  https://github.com/sara-34/curso-profesional-git-git-hub-platzi.git (push)

Sara@LAPTOP-8G48F3OK MINGW64 ~/proyecto1/actividades (main)
$ git remote set-url origin git@github.com:sara-34/curso-profesional-git-git-hub-platzi.git

Sara@LAPTOP-8G48F3OK MINGW64 ~/proyecto1/actividades (main)
$ git remote -v
origin  git@github.com:sara-34/curso-profesional-git-git-hub-platzi.git (fetch)
origin  git@github.com:sara-34/curso-profesional-git-git-hub-platzi.git (push)

Sara@LAPTOP-8G48F3OK MINGW64 ~/proyecto1/actividades (main)
$ git pull
The authenticity of host 'github.com (140.82.112.3)' can't be established.
ED25519 key fingerprint is SHA256:+DiY3wvvV6TuJJhbpZisF/zLDA0zPMSvHdkr4UvCOqU.
This key is not known by any other names
Are you sure you want to continue connecting (yes/no/[fingerprint])? yes
Warning: Permanently added 'github.com' (ED25519) to the list of known hosts.
Already up to date.

Sara@LAPTOP-8G48F3OK MINGW64 ~/proyecto1/actividades (main)
$ git pull origin main
From github.com:sara-34/curso-profesional-git-git-hub-platzi
 * branch            main       -> FETCH_HEAD
Already up to date.

Sara@LAPTOP-8G48F3OK MINGW64 ~/proyecto1/actividades (main)
$ git status
On branch main
Your branch is up to date with 'origin/main'.

Changes not staged for commit:
  (use "git add <file>..." to update what will be committed)
  (use "git restore <file>..." to discard changes in working directory)
        modified:   articulo.html
        modified:   codigo-github.txt

no changes added to commit (use "git add" and/or "git commit -a")

Sara@LAPTOP-8G48F3OK MINGW64 ~/proyecto1/actividades (main)
$ git diff
diff --git a/actividades/articulo.html b/actividades/articulo.html
index 6ef9d7a..53b7d43 100644
--- a/actividades/articulo.html
+++ b/actividades/articulo.html
@@ -8,7 +8,7 @@
             <div id="cabecera">
                 Hyperblog
                 <span id="tagline">
-                    Tu blog de cabecera
+                    Tu blog de cabecera 2.0
                 </span>
             </div>
             <div id="post">
diff --git a/actividades/codigo-github.txt b/actividades/codigo-github.txt
index a28b49d..0c352bd 100644
--- a/actividades/codigo-github.txt
+++ b/actividades/codigo-github.txt
@@ -609,3 +609,881 @@ Updated 1 path from e96f684

 Sara@LAPTOP-8G48F3OK MINGW64 ~/proyecto1 (main)
 $
+febrero 02/ 2023
+
+Sara@LAPTOP-8G48F3OK MINGW64 ~/proyecto1/actividades (main)
+$ git status
+On branch main
+Your branch is ahead of 'origin/main' by 1 commit.
+  (use "git push" to publish your local commits)
+
+nothing to commit, working tree clean
+
+Sara@LAPTOP-8G48F3OK MINGW64 ~/proyecto1/actividades (main)
+$ git show
+commit bf4c66154095eb889fd0db345585726f4458536a (HEAD -> main)
+Author: sara-34 <saritaariaslondono12@gmail.com>
+Date:   Thu Feb 2 14:27:24 2023 -0500
+
+    Modificando archivo
+
+diff --git a/actividades/articulo.html b/actividades/articulo.html
+index c10824f..19d686e 100644
+--- a/actividades/articulo.html
++++ b/actividades/articulo.html
+@@ -4,7 +4,16 @@
+         <link rel="stylesheet" href="css/estilos.css"/>
+     </head>

Sara@LAPTOP-8G48F3OK MINGW64 ~/proyecto1/actividades (main)
$

Sara@LAPTOP-8G48F3OK MINGW64 ~/proyecto1/actividades (main)
$ git commit -am "Actualizacion 2.0"
[main 35f446e] Actualizacion 2.0
 2 files changed, 879 insertions(+), 1 deletion(-)

Sara@LAPTOP-8G48F3OK MINGW64 ~/proyecto1/actividades (main)
$ git pull origin main
From github.com:sara-34/curso-profesional-git-git-hub-platzi
 * branch            main       -> FETCH_HEAD
Already up to date.

Sara@LAPTOP-8G48F3OK MINGW64 ~/proyecto1/actividades (main)
$ git push origin main
Enumerating objects: 9, done.
Counting objects: 100% (9/9), done.
Delta compression using up to 4 threads
Compressing objects: 100% (4/4), done.
Writing objects: 100% (5/5), 5.78 KiB | 2.89 MiB/s, done.
Total 5 (delta 1), reused 0 (delta 0), pack-reused 0
remote: Resolving deltas: 100% (1/1), completed with 1 local object.
To github.com:sara-34/curso-profesional-git-git-hub-platzi.git
   5848c33..35f446e  main -> main

Sara@LAPTOP-8G48F3OK MINGW64 ~/proyecto1/actividades (main)
$

Sara@LAPTOP-8G48F3OK MINGW64 ~/proyecto1/actividades (main)
$ git log
commit 35f446e203392fcc99b4ad2c8f6cfe1c7406b587 (HEAD -> main, origin/main)
Author: sara-34 <saritaariaslondono12@gmail.com>
Date:   Thu Feb 2 18:24:39 2023 -0500

    Actualizacion 2.0

commit 5848c333de65a906f93d6e56b1bfd4aa82ac73b2
Merge: f2b3f5d a96c99d
Author: sara-34 <saritaariaslondono12@gmail.com>
Date:   Thu Feb 2 16:01:41 2023 -0500

    Solucion de conflicto

commit f2b3f5d3289cd7d6d6e7095f6a9494c4d97790f7
Author: sara-34 <saritaariaslondono12@gmail.com>
Date:   Thu Feb 2 15:56:03 2023 -0500

    Agrego suscripcion

commit a96c99d93a4886862ea07fb3d2acceeede6fd3db (cabecera)
Author: sara-34 <saritaariaslondono12@gmail.com>
Date:   Thu Feb 2 15:54:35 2023 -0500

    modifique la cabecera

commit 733da9d53028c6f7ffef1994b9352a47a3c6a9f3
Merge: 48a228d fc9b968
Author: sara-34 <saritaariaslondono12@gmail.com>
Date:   Thu Feb 2 15:35:00 2023 -0500

    Merge branch 'cabecera'

commit 48a228d2883cdfadf5ce3495c562a0aae602ae76
Author: sara-34 <saritaariaslondono12@gmail.com>
Date:   Thu Feb 2 15:31:02 2023 -0500

    Agregado el parrafo

commit fc9b9689eb0155079ee2b2b8b191bdfd8aee5913
Author: sara-34 <saritaariaslondono12@gmail.com>
Date:   Thu Feb 2 15:27:03 2023 -0500

    Finalizada la cabecera con diseño azul

commit de91a352445fbee1d8ec58fbf4cedd00b98a8663
Author: sara-34 <saritaariaslondono12@gmail.com>


Sara@LAPTOP-8G48F3OK MINGW64 ~/proyecto1/actividades (main)
$

Sara@LAPTOP-8G48F3OK MINGW64 ~/proyecto1/actividades (main)
$ git log --all --graph
* commit 35f446e203392fcc99b4ad2c8f6cfe1c7406b587 (HEAD -> main, origin/main)
| Author: sara-34 <saritaariaslondono12@gmail.com>
| Date:   Thu Feb 2 18:24:39 2023 -0500
|
|     Actualizacion 2.0
|
*   commit 5848c333de65a906f93d6e56b1bfd4aa82ac73b2
|\  Merge: f2b3f5d a96c99d
| | Author: sara-34 <saritaariaslondono12@gmail.com>
| | Date:   Thu Feb 2 16:01:41 2023 -0500
| |
| |     Solucion de conflicto
| |
| * commit a96c99d93a4886862ea07fb3d2acceeede6fd3db (cabecera)
| | Author: sara-34 <saritaariaslondono12@gmail.com>
| | Date:   Thu Feb 2 15:54:35 2023 -0500
| |
| |     modifique la cabecera
| |
* | commit f2b3f5d3289cd7d6d6e7095f6a9494c4d97790f7
|/  Author: sara-34 <saritaariaslondono12@gmail.com>
|   Date:   Thu Feb 2 15:56:03 2023 -0500
|
|       Agrego suscripcion
|
*   commit 733da9d53028c6f7ffef1994b9352a47a3c6a9f3
|\  Merge: 48a228d fc9b968
| | Author: sara-34 <saritaariaslondono12@gmail.com>
| | Date:   Thu Feb 2 15:35:00 2023 -0500
| |
| |     Merge branch 'cabecera'
| |
| * commit fc9b9689eb0155079ee2b2b8b191bdfd8aee5913
| | Author: sara-34 <saritaariaslondono12@gmail.com>
| | Date:   Thu Feb 2 15:27:03 2023 -0500
| |
| |     Finalizada la cabecera con diseño azul
| |
* | commit 48a228d2883cdfadf5ce3495c562a0aae602ae76
| | Author: sara-34 <saritaariaslondono12@gmail.com>
| | Date:   Thu Feb 2 15:31:02 2023 -0500
| |
| |     Agregado el parrafo
| |
| | * commit d8057899cff8eef1fba598f280c587926e3c2f43 (html)
| |/  Author: sara-34 <saritaariaslondono12@gmail.com>

Sara@LAPTOP-8G48F3OK MINGW64 ~/proyecto1/actividades (main)
$ git log --all --graph --decorate --oneline
* 35f446e (HEAD -> main, origin/main) Actualizacion 2.0
*   5848c33 Solucion de conflicto
|\
| * a96c99d (cabecera) modifique la cabecera
* | f2b3f5d Agrego suscripcion
|/
*   733da9d Merge branch 'cabecera'
|\
| * fc9b968 Finalizada la cabecera con diseño azul
* | 48a228d Agregado el parrafo
| | * d805789 (html) Modificando html
| |/
| * de91a35 ines starting
|/
* bf4c661 Modificando archivo
* e0eef52 Actividad

Sara@LAPTOP-8G48F3OK MINGW64 ~/proyecto1/actividades (main)
$ alias arbolito="git log --all --graph --decorate --oneline"

Sara@LAPTOP-8G48F3OK MINGW64 ~/proyecto1/actividades (main)
$ arbolito
* 35f446e (HEAD -> main, origin/main) Actualizacion 2.0
*   5848c33 Solucion de conflicto
|\
| * a96c99d (cabecera) modifique la cabecera
* | f2b3f5d Agrego suscripcion
|/
*   733da9d Merge branch 'cabecera'
|\
| * fc9b968 Finalizada la cabecera con diseño azul
* | 48a228d Agregado el parrafo
| | * d805789 (html) Modificando html
| |/
| * de91a35 ines starting
|/
* bf4c661 Modificando archivo
* e0eef52 Actividad

Sara@LAPTOP-8G48F3OK MINGW64 ~/proyecto1/actividades (main)
$ git tag -a v0.1 -m "resultado" e0eef52

Sara@LAPTOP-8G48F3OK MINGW64 ~/proyecto1/actividades (main)
$ git tag
v0.1

Sara@LAPTOP-8G48F3OK MINGW64 ~/proyecto1/actividades (main)
$ git show-ref --tag
5a26d61af51340ba299c640a84fd69c8389740c2 refs/tags/v0.1

Sara@LAPTOP-8G48F3OK MINGW64 ~/proyecto1/actividades (main)
$ history
   22  git clone https://github.com/jpereyradh/Mochila_C40522.git
   23  git branch paula_salazar
   24  git checkout paula-salazar
   25  git checkout "paula-salazar"
   26  git branch paulaSalazar
   27  git status
   28  cleat
   29  clear
   30  git config user.name "paula1278"
   31  git config user.email "paulandrsalazar
   32  clear
   33  cd
   34  git config user.name "paula1278"
   35  git config user.email "paulandrsalazar@gmail.com"
   36  ls -a
   37  git status .
   38  git add .
   39  git commit -m"Actividad7 mochila"
   40  git log
   41  git branch -M main
   42  git add remote origin https://github.com/jpereyradh/Mochila_C40522.git
   43  git remote add origin https://github.com/jpereyradh/Mochila_C40522.git
   44  git push -u origin paulaSalazar
   45  git switch main
   46  git checkout paulaSalazar
   47  git push origin main
   48  git remote add origin https://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@github.com/jpereyradh/Mochila_C40522.git
   49  clear
   50  git status
   51  git push origin main
   52  clear
   53  git status
   54  git branch paula_salazar
   55  git checkout paula_salazar
   56  git status
   57  git add .
   58  git status
   59  git commit -m"Subiendo actividad 7"
   60  git push origin paula_salazar
   61  git checkound Salazar_Paula
   62  git checkout Salazar_Paula
   63  git status
   64  git commit -m"Actividad7"
   65  git branch -u main
   66  git checkound main
   67  git checkout main
   68  git push origin Salazar_Paula
   69  clear
   70  git status
   71  git add .
   72  git commit -m"Subiendo actividades"
   73  git branch Salazar_Paula
   74  git checkout Salazar_Paula
   75  git push -u origin Salazar_Paula
   76  git config user.name "paula1278"
   77  git config user.email "paulandrsalazar@gmail.com"
   78  git push -u origin Salazar_Paula
   79  git config --global
   80  git config --global -e
   81  git push -u origin Salazar_Paula
   82  git config user.name "paula1278"
   83  git config user.email "paulandrsalazar@gmail.com"
   84  git push -u origin Salazar_Paula
   85  git push origin main
   86  git init
   87  git config user.name"sara-34"
   88  git config user.mail"saritaariaslondono12@gmail.com
   89  git config user.mail"saritaariaslondono12@gmail.com"
   90  git init
   91  git config user.name"sara-34"
   92  git config user.mail"saritaariaslondono12@gmail.com"
   93  git status
   94  git add .
   95  git commit -m"Actualizacion"
   96  git push origin main
   97  git clone https://github.com/sara-34/Globant.git
   98  git remote add origin Cloning into 'Globant'...
   99  remote: Repository not found.
  100  fatal: repository 'https://github.com/sara-34/Globant.git/' not found
  101  git remote add origin https://github.com/sara-34/Globant.git
  102  git push origin main
  103  git push origin main
  104  git push origin main
  105  motas123
  106  git push origin main
  107  git remote add origin https://github.com/sara-34/Globant.git
  108  git add .
  109  git push origin main
  110  git push origin main
  111  git init
  112  git status
  113  git push origin main
  114  git remote add push https://github.com/sara-34/Globant.git/
  115  git push origin main
  116  git status
  117  git push origin main
  118  git init
  119  git clone https://github.com/paula1278/Actividad-participantes-AyB.git
  120  touch rojo.txt azul.txt amarillo.txt
  121  git status
  122  git add azul.txt amarillo.txt rojo.txt
  123  git status
  124  git commit -m"Subiendo archivos"
  125  git push origin main
  126  git pull origin main
  127  git remote add origin https://github.com/paula1278/Actividad-participantes-AyB.git
  128  git push origin main
  129  git pull origin main
  130  git log
  131  git push -u origin main
  132  git push origin main
  133  git staus
  134  git status
  135  git clone https://github.com/paula1278/Actividad-participantes-AyB.git
  136  git push origin main
  137  git pull
  138  git pull origin main
  139  git commit -m"Subiendo actividades"
  140  git status
  141  clear
  142  git init
  143  git remote add https://github.com/paula1278/Actividad-participantes-AyB.git
  144  clear
  145  git remote add origin https://github.com/paula1278/Actividad-participantes-AyB.git
  146  touch azul.txt rojo.txt amarillo.txt
  147  git add azul.txt rojo.txt amarillo.txt
  148  git commit -m"subiendo archivos"
  149  git status
  150  clear
  151  git clone
  152  git clone https://github.com/paula1278/Actividad-participantes-AyB.git
  153  git pull origin main
  154  git branch -M main
  155  git push origin main
  156  clear
  157  git pull origin main
  158  git push origin main
  159  touch cafe.txt violeta.txt blanco.txt
  160  git status
  161  git add violeta.txt blanco.txt cafe.txt
  162  git status
  163  git commit -m"subiendo archivos"
  164  git push origin main
  165  git push origin main
  166  ls
  167  cd Actividad-participantes-AyB/
  168  ls
  169  git push origin main
  170  git pull origin main
  171  git status
  172  git commit -m"subiendo archivos"
  173  git push origin main
  174  touch hola.txt saludo.txt adios.txt
  175  git status
  176  git add .
  177  git status
  178  git commit -m"subiendo archivos"
  179  git push origin main
  180  git pull origin main
  181  ls .
  182  cd hola.txt
  183  type hola.txt
  184  type rosado.txt
  185  cd Desktop
  186  ls .
  187  ls .
  188  cd ..
  189  ls .
  190  ls -a
  191  ls -l
  192  nano naranja.txt
  193  git status
  194  git add .
  195  git status
  196  git commit -m"modificando archivo naranja"
  197  git push origin main
  198  git pull origin main
  199  git status
  200  git push origin main
  201  git status
  202  git remote add origin https://github.com/nuevopensao/Engranaje_Studio.git
  203  git remote add origin https://github.com/nuevopensao/Engranaje_Studio.git
  204  git add.
  205  git add .
  206  git commit -m"GPS"
  207  git push origin main
  208  git init
  209  git status
  210  ls
  211  ls
  212  cd "digital-bimestre4"
  213  ls
  214  cd infraestructura1
  215  ls
  216  cd "Clase 3 Infra"
  217  la
  218  ls
  219  touch /* -------------------------- Script Principal -------------------------- */
  220  /*  R
  221      1. solicitar el min
  222      2. Solicitar el max
  223      3. Mostra el nÃºmero
  224  */
  225  /*
  226  let min = parseInt(  prompt('Ingrese el minimo')  );
  227  let max = parseInt(  prompt('Ingrese el max')  );
  228  let random =  Math.round( Math.random() * (max - min) + min) ;
  229  console.log(random);
  230   */
  231  // Eligir una peli random
  232  //                    0              1             2
  233  /* let peliculas = ['Iron man', 'Capitan America', 'Hulk'];
  234  let max = peliculas.length;
  235  let min = 0;
  236  let posRandom = generarRandom(min, max)
  237  console.log(posRandom);
  238  console.log( peliculas[posRandom] );
  239  function generarRandom(min, max){
  240      let numero = Math.floor( Math.random() * (max - min) + min);
  241      return numero;
  242  } */
  243  /*
  244      1. Pedir jugar
  245      1.a Validar
  246      2. Generar Jugada
  247      3. Determinar Ganador
  248      4. Mostrar el ganador
  249  */
  250  /* ----------------------------- Juego Principal ---------------------------- */
  251  const EMPATE = 0;
  252  const GANASTE = 1;
  253  const PERDISTE = 2;
  254  let ptosUsuario = 0;
  255  let ptosMaquina = 0;
  256  while( ptosMaquina <= 3 || ptosUsuario <= 3  ){
  257      let opcionUsuario = pedirOpcion();
  258      let opcionMaquina = jugarMaquina();
  259      let resultado = juego(opcionUsuario, opcionMaquina);
  260  }
  261  /* ------------------------------- comentario ------------------------------- */
  262  function pedirOpcion(){     let usuario;     // Validar que el numero este entre 1 y 3;     do {
  263          usuario = parseInt( prompt( `Ingresar Jugada
  264                                  1- Piedra
  265  ls
  266  cd "Clase 3 Infra"
  267  touch vagrantfile
  268  ls
  269  cd vagrantfile
  270  cd vagrantfile
  271  git status
  272  cls
  273  clear
  274  ls
  275  add vagrantfile
  276  ls
  277  cat vagrantfile
  278  vagrant up
  279  vegrant box add debian/buster64
  280  vagrant box add debian/buster64
  281  vagrant --version
  282  git init
  283  git add
  284  git add Mardown-Platzi
  285  git add Markdown-Platzi
  286  git init
  287  git add Markdown-Platzi
  288  git init
  289  git init
  290  git add MarkdownPlatzi
  291  git init
  292  git add README.md
  293  git add .
  294  git commit -m "MarkdownPlatzi"
  295  git branch -M main
  296  git remote add origin https://github.com/sara-34/frontend-path
  297  git push -u origin main
  298  cd Desktop/
  299  cd Markdown-Platzi/
  300  git origin
  301  git status
  302  git remote get-url origin
  303  cd ..
  304  git clone
  305  git clone https://github.com/sara-34/frontend-path.git
  306  git clone http://github.com/sara-34/frontend-path.git
  307  git init
  308  git status
  309  git add .
  310  git commit -m "markdown-platzi"
  311  git branch -M main
  312  git remote add origin https://github.com/sara-34/frontend- ruta.git
  313  git push -u origin main
  314  git remote add origin https://github.com/sara-34/frontend-path.git
  315  git push -u origin main
  316  clear
  317  git status
  318  git add .
  319  git commit -m "Informacion"
  320  git branch -M main
  321  git push -u origin main
  322  git init
  323  git status
  324  git add .
  325  git commit -m"Subiendo Actividad Texto"
  326  git branch -M main
  327  git remote add origin https://github.com/sara-34/markdown-platzi.git
  328  git push -u origin main
  329  git status
  330  git add .
  331  git commit -m"Actividad"
  332  git branch -M main
  333  git remote add origin https://github.com/sara-34/markdown-platzi.git
  334  git push -u origin main
  335  git status
  336  git add .
  337  git branch -M main
  338  git commit -m"Actividad"
  339  git branch -M main
  340  git push -u origin main
  341  ls
  342   pwd
  343  cd /
  344  ls
  345  ls -al
  346  clear
  347  cd /c
  348  ls
  349  cd Users
  350  cd ..
  351  cd users
  352  ls
  353  cd ..
  354  cd u
  355  cd users/
  356  ls
  357  cd Sara/
  358  lls
  359  ls
  360  cd ..
  361  cd ..
  362  cd ..
  363  cd ..
  364  cd ..
  365  ls
  366  ls
  367  pwd
  368  cd ..
  369  cd
  370  clear
  371  cd ..
  372  ls
  373  cd public/
  374  ls
  375  cd ..}
  376  cd ..
  377  cd ..
  378  cd ..
  379  ls
  380  git init
  381  git status
  382  git commit -m "Subiendo actividad 1 febrero"
  383  git branch -M main
  384  git commit -m "Subiendo actividad 1 febrero"
  385  git remote add origin https://github. com/sara-34/curso-profesional-git-git-hub-platzi.git
  386  git add .
  387  git remote add origin https://github. com/sara-34/curso-profesional-git-git-hub-platzi.git
  388  git commit -m "Subiendo actividad 1 febrero"
  389  git init
  390  git status
  391  git commit -m "actividad"
  392  git init
  393  git status
  394  git add .
  395  git status
  396  git commit -m "Subiendo apuntes Git"
  397  git branch -M main
  398  git push -u origin main
  399  git init
  400  git status
  401  git add .
  402  git status
  403  git commit -m "Actividad"
  404  git branch -M main
  405  git remote add origin https://github. com/sara-34/curso-profesional-git-git-hub-platzi.git
  406  git remote add origin https://github.com/sara-34/curso-profesional-git-git-hub-platzi.git
  407  git push -u origin main
  408  mkdir proyecto1}
  409  mkdir proyecto1
  410  ls
  411  cd proyecto1/
  412  touch vacio.txt
  413  ls
  414  ls -al
  415  cd .
  416  cat vacio.txt
  417   history
  418   history
  419  rm vacio.txt
  420  ls
  421  clear
  422  pwd
  423  git init
  424  ls -al
  425  code
  426  git status
  427  git add .
  428  git status
  429  git rm --cached Hola mundo.txt
  430  git rm --cached "Hola mundo.txt"
  431  git status
  432  git add "Hola mundo.txt"
  433  git status
  434  git commit -m "este es el primer commit"
  435  git config
  436  git config --list
  437   git status
  438  cat "Hola mundo.txt"
  439  git log "Hola mundo.txt"
  440  git show "Hola mundo.txt"
  441  pwd
  442  ls
  443  code "Hola mundo.txt"
  444  git add .
  445  git commit -m "Agregando"
  446  git commit
  447  git commit -m "Hola mundo"
  448  git add .
  449  git status
  450  git show
  451  git log "Hola mundo.txt"
  452  git diff efec8bdad96d49ffb799fabbbd766ea40538874e
  453  git diff efec8bdad96d49ffb799fabbbd766ea40538874e 4974c5518fff7da0e9707ce4a62906400b8695ee
  454  git log
  455  git reset 4974c5518fff7da0e9707ce4a62906400b8695ee --hard
  456  cat "Hola mundo.txt"
  457  git log
  458  code
  459  git status
  460  ls
  461  git add .
  462  ls
  463  git status
  464  git status
  465  git diff
  466  git add .
  467  git status
  468  git commit -m "mi proyecto real con html y css"
  469  git status
  470  git log
  471  git add .
  472  git commit -m "cambio de vida"
  473  git add .
  474  git commit -m "cambio de su maestria"
  475  git log
  476  git log -- stat
  477  git log --stat
  478  git checkout efec8bdad96d49ffb799fabbbd766ea40538874e "Hola mundo.txt"
  479  git status
  480  git checkout master "Hola mundo.txt"
  481  git checkout main "Hola mundo.txt"
  482  git checkout efec8bdad96d49ffb799fabbbd766ea40538874e "Hola mundo.txt"
  483  git add .
  484  git commit -m "Reemplazo de version"
  485  git log
  486  git log --stat
  487  pwd
  488  clear
  489  cd
  490  cd ..
  491  cd
  492  git config -l
  493  ssh-keygen -t rsa -b 4096 -C "saritaariaslondono12@gmail.com"
  494  eval $(ssh-agent -s)
  495  ssh-add ~/.ssh/id_rsa
  496  cd proyecto1/
  497  ls
  498  cd actividades/
  499  ls
  500  cd ..
  501  cd actividades/
  502  git remote -v
  503  git remote set-url origin git@github.com:sara-34/curso-profesional-git-git-hub-platzi.git
  504  git remote -v
  505  git pull
  506  git pull origin main
  507  git status
  508  git diff
  509  git commit -am "Actualizacion 2.0"
  510  git pull origin main
  511  git push origin main
  512  clear
  513  git log
  514  git log --all --graph
  515  git log --all --graph --decorate --oneline
  516  alias arbolito="git log --all --graph --decorate --oneline"
  517  arbolito
  518  git tag -a v0.1 -m "resultado" e0eef52
  519  git tag
  520  git show-ref --tag
  521  history

Sara@LAPTOP-8G48F3OK MINGW64 ~/proyecto1/actividades (main)
$ git status
On branch main
Your branch is up to date with 'origin/main'.

nothing to commit, working tree clean

Sara@LAPTOP-8G48F3OK MINGW64 ~/proyecto1/actividades (main)
$ git pull origin main
From github.com:sara-34/curso-profesional-git-git-hub-platzi
 * branch            main       -> FETCH_HEAD
Already up to date.

Sara@LAPTOP-8G48F3OK MINGW64 ~/proyecto1/actividades (main)
$ git push origin --tags
Enumerating objects: 1, done.
Counting objects: 100% (1/1), done.
Writing objects: 100% (1/1), 165 bytes | 82.00 KiB/s, done.
Total 1 (delta 0), reused 0 (delta 0), pack-reused 0
To github.com:sara-34/curso-profesional-git-git-hub-platzi.git
 * [new tag]         v0.1 -> v0.1

Sara@LAPTOP-8G48F3OK MINGW64 ~/proyecto1/actividades (main)
$ arbolito
* 35f446e (HEAD -> main, origin/main) Actualizacion 2.0
*   5848c33 Solucion de conflicto
|\
| * a96c99d (cabecera) modifique la cabecera
* | f2b3f5d Agrego suscripcion
|/
*   733da9d Merge branch 'cabecera'
|\
| * fc9b968 Finalizada la cabecera con diseño azul
* | 48a228d Agregado el parrafo
| | * d805789 (html) Modificando html
| |/
| * de91a35 ines starting
|/
* bf4c661 Modificando archivo
* e0eef52 (tag: v0.1) Actividad

Sara@LAPTOP-8G48F3OK MINGW64 ~/proyecto1/actividades (main)
$ ^C

Sara@LAPTOP-8G48F3OK MINGW64 ~/proyecto1/actividades (main)
$ git tag -a dormido -m "jnfjvnfinvfn" 5848c33

Sara@LAPTOP-8G48F3OK MINGW64 ~/proyecto1/actividades (main)
$ git pull origin main
From github.com:sara-34/curso-profesional-git-git-hub-platzi
 * branch            main       -> FETCH_HEAD
Already up to date.

Sara@LAPTOP-8G48F3OK MINGW64 ~/proyecto1/actividades (main)
$ git push origin --tags
Enumerating objects: 1, done.
Counting objects: 100% (1/1), done.
Writing objects: 100% (1/1), 168 bytes | 168.00 KiB/s, done.
Total 1 (delta 0), reused 0 (delta 0), pack-reused 0
To github.com:sara-34/curso-profesional-git-git-hub-platzi.git
 * [new tag]         dormido -> dormido

Sara@LAPTOP-8G48F3OK MINGW64 ~/proyecto1/actividades (main)
$ git tag
dormido
v0.1

Sara@LAPTOP-8G48F3OK MINGW64 ~/proyecto1/actividades (main)
$ git tag -d dormido
Deleted tag 'dormido' (was a542b86)

Sara@LAPTOP-8G48F3OK MINGW64 ~/proyecto1/actividades (main)
$ git tag
v0.1

Sara@LAPTOP-8G48F3OK MINGW64 ~/proyecto1/actividades (main)
$ git pull origin main
From github.com:sara-34/curso-profesional-git-git-hub-platzi
 * branch            main       -> FETCH_HEAD
Already up to date.

Sara@LAPTOP-8G48F3OK MINGW64 ~/proyecto1/actividades (main)
$ git push origin --tag
Everything up-to-date

Sara@LAPTOP-8G48F3OK MINGW64 ~/proyecto1/actividades (main)
$ git push origin :ref/tags/dormido
error: unable to delete 'ref/tags/dormido': remote ref does not exist
error: failed to push some refs to 'github.com:sara-34/curso-profesional-git-git-hub-platzi.git'

Sara@LAPTOP-8G48F3OK MINGW64 ~/proyecto1/actividades (main)
$ git push origin :refs/tags/dormido
To github.com:sara-34/curso-profesional-git-git-hub-platzi.git
 - [deleted]         dormido

Sara@LAPTOP-8G48F3OK MINGW64 ~/proyecto1/actividades (main)
$ git branch
  cabecera
  html
* main

Sara@LAPTOP-8G48F3OK MINGW64 ~/proyecto1/actividades (main)
$
Sara@LAPTOP-8G48F3OK MINGW64 ~/proyecto1/actividades (header)
$ git add imagenes/dragon.png

Sara@LAPTOP-8G48F3OK MINGW64 ~/proyecto1/actividades (header)
$ git status
On branch header
Changes to be committed:
  (use "git restore --staged <file>..." to unstage)
        new file:   Imagenes/dragon.png


Sara@LAPTOP-8G48F3OK MINGW64 ~/proyecto1/actividades (header)
$ git commit -am "icono header"
[header 4102926] icono header
 1 file changed, 0 insertions(+), 0 deletions(-)
 create mode 100644 actividades/Imagenes/dragon.png

Sara@LAPTOP-8G48F3OK MINGW64 ~/proyecto1/actividades (header)
$ git pull origin header
From github.com:sara-34/curso-profesional-git-git-hub-platzi
 * branch            header     -> FETCH_HEAD
Already up to date.

Sara@LAPTOP-8G48F3OK MINGW64 ~/proyecto1/actividades (header)
$ git push origin header
Enumerating objects: 7, done.
Counting objects: 100% (7/7), done.
Delta compression using up to 4 threads
Compressing objects: 100% (3/3), done.
Writing objects: 100% (5/5), 34.70 KiB | 5.78 MiB/s, done.
Total 5 (delta 1), reused 0 (delta 0), pack-reused 0
remote: Resolving deltas: 100% (1/1), completed with 1 local object.
To github.com:sara-34/curso-profesional-git-git-hub-platzi.git
   35f446e..4102926  header -> header

Sara@LAPTOP-8G48F3OK MINGW64 ~/proyecto1/actividades (header)
$

Sara@LAPTOP-8G48F3OK MINGW64 ~ (main)
$ pwd
/c/Users/Sara

Sara@LAPTOP-8G48F3OK MINGW64 ~ (main)
$ ls
'3D Objects'/
 Actividad-participantes-AyB/
 ActividadClase3/
 AppData/
 Arias_Londonio_Sara/
 Aspire-CANA/
 CIAF/
 COPYING.txt
 Carro/
'Cisco Packet Tracer 8.1.1'/
'Configuración local'@
 Cookies@
'Datos de programa'@
 Desktop/
 Downloads/
'Entorno de red'@
 ExamenFinal-SaraAriasLondonio.zip
 Favorites/
 GNS3/
 GNS3.url
 IdeaProjects/
 Impresoras@
 IntelGraphicsProfiles/
 Links/
'Menú Inicio'@
'Mis documentos'@
 Music/
'My project'/
'My project (1)'/
 NTUSER.DAT
 NTUSER.DAT{d221d0d6-978c-11ed-94bf-fe2c2ca85b16}.TM.blf
 NTUSER.DAT{d221d0d6-978c-11ed-94bf-fe2c2ca85b16}.TMContainer00000000000000000001.regtrans-ms
 NTUSER.DAT{d221d0d6-978c-11ed-94bf-fe2c2ca85b16}.TMContainer00000000000000000002.regtrans-ms
 Odontologos/
 OneDrive/
'OneDrive - ciaf.edu.co'/
 POO/
 Paises/
 Pictures/
 Plantillas@
 Practica/
 Reciente@
'Saved Games'/
 SendTo@
 Solar-PuTTY.exe*
 Uninstall.exe*
 VCRUNTIME140.dll*
 VPSManager.cs
 Videos/
'VirtualBox VMs'/
 appliances/
 blanco.txt
 cacert.pem
 cafe.txt
 cat.exe*
 configs/
 cpulimit/
 cyggcc_s-1.dll*
 cygiconv-2.dll*
 cygintl-8.dll*
 cygwin1.dll*
 cygz.dll*
 devcon.exe*
 dynamips/
 dynamips-start.cmd
 eclipse/
 eclipse-workspace/
 gawk.exe*
 gns3.exe*
 gns3.ico
 gns3server.exe*
 gns3vmnet.exe*
'imagen sara'/
 java-things/
 lib/
 loopback-manager.cmd
 mercadoAbierto/
 network-device-list.cmd
 ntuser.dat.LOG1
 ntuser.dat.LOG2
 ntuser.ini
 practicas/
 proyecto1/
'prueba 2021'/
 putty.exe*
 putty_settings.reg
 putty_standalone.exe*
 python3.dll*
 python37.dll*
 qemu-0.11.0/
 qemu-3.1.0/
 schemas/
 source/
 static/
 strings.exe*
 symbols/
 tail.exe*
 templates/
 ttstart.macro
 tvnviewer.exe*
 ubridge-0.9.12/
 ubridge.exe*
 violeta.txt
 vmnet-manager.cmd
 vpcs/
 vpcs-start.cmd

Sara@LAPTOP-8G48F3OK MINGW64 ~ (main)
$ cd proyecto1

Sara@LAPTOP-8G48F3OK MINGW64 ~/proyecto1 (main)
$ ls
actividades/

Sara@LAPTOP-8G48F3OK MINGW64 ~/proyecto1 (main)
$ git checkout header
Switched to branch 'header'

Sara@LAPTOP-8G48F3OK MINGW64 ~/proyecto1 (header)
$ arbolito
bash: arbolito: command not found

Sara@LAPTOP-8G48F3OK MINGW64 ~/proyecto1 (header)
$ git log --all --graph --decorate --oneline
* a116dc3 (origin/main, main) Subiendo codigo
| * 4ec5a02 (HEAD -> header) Subiendo codigo
| * 4102926 (origin/header) icono header
|/
* 35f446e (origin/footer, origin/cabecera, footer, cabecera) Actualizacion 2.0
*   5848c33 Solucion de conflicto
|\
| * a96c99d modifique la cabecera
* | f2b3f5d Agrego suscripcion
|/
*   733da9d Merge branch 'cabecera'
|\
| * fc9b968 Finalizada la cabecera con diseño azul
* | 48a228d Agregado el parrafo
| | * d805789 (html) Modificando html
| |/
| * de91a35 ines starting
|/
* bf4c661 Modificando archivo
* e0eef52 (tag: v0.1) Actividad

Sara@LAPTOP-8G48F3OK MINGW64 ~/proyecto1 (header)
$ git status
On branch header
nothing to commit, working tree clean

Sara@LAPTOP-8G48F3OK MINGW64 ~/proyecto1 (header)
$ git status
On branch header
Changes not staged for commit:
  (use "git add <file>..." to update what will be committed)
  (use "git restore <file>..." to discard changes in working directory)
        modified:   actividades/articulo.html
        modified:   actividades/css/estilos.css

no changes added to commit (use "git add" and/or "git commit -a")

Sara@LAPTOP-8G48F3OK MINGW64 ~/proyecto1 (header)
$ git commit -am "Color, logo nuevo y mejor color header"
[header 7c208aa] Color, logo nuevo y mejor color header
 2 files changed, 20 insertions(+), 6 deletions(-)

Sara@LAPTOP-8G48F3OK MINGW64 ~/proyecto1 (header)
$ git status
On branch header
nothing to commit, working tree clean

Sara@LAPTOP-8G48F3OK MINGW64 ~/proyecto1 (header)
$ git pull origin header
From github.com:sara-34/curso-profesional-git-git-hub-platzi
 * branch            header     -> FETCH_HEAD
Already up to date.

Sara@LAPTOP-8G48F3OK MINGW64 ~/proyecto1 (header)
$ git checkout footer
Switched to branch 'footer'

Sara@LAPTOP-8G48F3OK MINGW64 ~/proyecto1 (footer)
$ git pull origin footer
From github.com:sara-34/curso-profesional-git-git-hub-platzi
 * branch            footer     -> FETCH_HEAD
Already up to date.

Sara@LAPTOP-8G48F3OK MINGW64 ~/proyecto1 (footer)
$ git branch
  cabecera
* footer
  header
  html
  main

Sara@LAPTOP-8G48F3OK MINGW64 ~/proyecto1 (footer)
$ git commit -am "Agregando pies de pagina"
[footer f972a14] Agregando pies de pagina
 2 files changed, 15 insertions(+), 1 deletion(-)

Sara@LAPTOP-8G48F3OK MINGW64 ~/proyecto1 (footer)
$ git status
On branch footer
nothing to commit, working tree clean

Sara@LAPTOP-8G48F3OK MINGW64 ~/proyecto1 (footer)
$ git pull origin footer
From github.com:sara-34/curso-profesional-git-git-hub-platzi
 * branch            footer     -> FETCH_HEAD
Already up to date.

Sara@LAPTOP-8G48F3OK MINGW64 ~/proyecto1 (footer)
$ git push origin footer
Enumerating objects: 11, done.
Counting objects: 100% (11/11), done.
Delta compression using up to 4 threads
Compressing objects: 100% (4/4), done.
Writing objects: 100% (6/6), 562 bytes | 140.00 KiB/s, done.
Total 6 (delta 3), reused 0 (delta 0), pack-reused 0
remote: Resolving deltas: 100% (3/3), completed with 3 local objects.
To github.com:sara-34/curso-profesional-git-git-hub-platzi.git
   35f446e..f972a14  footer -> footer

Sara@LAPTOP-8G48F3OK MINGW64 ~/proyecto1 (footer)
$ git checkout main
Switched to branch 'main'
Your branch is up to date with 'origin/main'.

Sara@LAPTOP-8G48F3OK MINGW64 ~/proyecto1 (main)
$ git checkout header
Switched to branch 'header'

Sara@LAPTOP-8G48F3OK MINGW64 ~/proyecto1 (header)
$ git checkout footer
Switched to branch 'footer'

Sara@LAPTOP-8G48F3OK MINGW64 ~/proyecto1 (footer)
$ git pull origin footer
From github.com:sara-34/curso-profesional-git-git-hub-platzi
 * branch            footer     -> FETCH_HEAD
Already up to date.

Sara@LAPTOP-8G48F3OK MINGW64 ~/proyecto1 (footer)
$ git checkout main
Switched to branch 'main'
Your branch is up to date with 'origin/main'.

Sara@LAPTOP-8G48F3OK MINGW64 ~/proyecto1 (main)
$ git merge header
Merge made by the 'recursive' strategy.
 actividades/Imagenes/dragon.png | Bin 0 -> 35146 bytes
 actividades/articulo.html       |   3 ++-
 actividades/css/estilos.css     |  23 ++++++++++++++++++-----
 3 files changed, 20 insertions(+), 6 deletions(-)
 create mode 100644 actividades/Imagenes/dragon.png

Sara@LAPTOP-8G48F3OK MINGW64 ~/proyecto1 (main)
$ git pull origin main
From github.com:sara-34/curso-profesional-git-git-hub-platzi
 * branch            main       -> FETCH_HEAD
Already up to date.

Sara@LAPTOP-8G48F3OK MINGW64 ~/proyecto1 (main)
$ git push origin main
Enumerating objects: 20, done.
Counting objects: 100% (17/17), done.
Delta compression using up to 4 threads
Compressing objects: 100% (7/7), done.
Writing objects: 100% (10/10), 1.19 KiB | 304.00 KiB/s, done.
Total 10 (delta 4), reused 0 (delta 0), pack-reused 0
remote: Resolving deltas: 100% (4/4), completed with 2 local objects.
To github.com:sara-34/curso-profesional-git-git-hub-platzi.git
   a116dc3..04a44e3  main -> main

Sara@LAPTOP-8G48F3OK MINGW64 ~/proyecto1 (main)
$ git merge footer
Auto-merging actividades/css/estilos.css
CONFLICT (content): Merge conflict in actividades/css/estilos.css
Auto-merging actividades/articulo.html
Automatic merge failed; fix conflicts and then commit the result.

Sara@LAPTOP-8G48F3OK MINGW64 ~/proyecto1 (main|MERGING)
$ git status
On branch main
Your branch is up to date with 'origin/main'.

You have unmerged paths.
  (fix conflicts and run "git commit")
  (use "git merge --abort" to abort the merge)

Changes to be committed:
        modified:   actividades/articulo.html

Unmerged paths:
  (use "git add <file>..." to mark resolution)
        both modified:   actividades/css/estilos.css


Sara@LAPTOP-8G48F3OK MINGW64 ~/proyecto1 (main|MERGING)
$ git add .

Sara@LAPTOP-8G48F3OK MINGW64 ~/proyecto1 (main|MERGING)
$ git status
On branch main
Your branch is up to date with 'origin/main'.

All conflicts fixed but you are still merging.
  (use "git commit" to conclude merge)

Changes to be committed:
        modified:   actividades/articulo.html
        modified:   actividades/css/estilos.css


Sara@LAPTOP-8G48F3OK MINGW64 ~/proyecto1 (main|MERGING)
$ git commit -am "Subiendo todos los cambios"
[main 4ebe961] Subiendo todos los cambios

Sara@LAPTOP-8G48F3OK MINGW64 ~/proyecto1 (main)
$ git pull origin main
From github.com:sara-34/curso-profesional-git-git-hub-platzi
 * branch            main       -> FETCH_HEAD
Already up to date.

Sara@LAPTOP-8G48F3OK MINGW64 ~/proyecto1 (main)
$ git push origin main
Enumerating objects: 16, done.
Counting objects: 100% (16/16), done.
Delta compression using up to 4 threads
Compressing objects: 100% (4/4), done.
Writing objects: 100% (6/6), 615 bytes | 615.00 KiB/s, done.
Total 6 (delta 3), reused 0 (delta 0), pack-reused 0
remote: Resolving deltas: 100% (3/3), completed with 3 local objects.
To github.com:sara-34/curso-profesional-git-git-hub-platzi.git
   04a44e3..4ebe961  main -> main

Sara@LAPTOP-8G48F3OK MINGW64 ~/proyecto1 (main)
$ git show
commit 4ebe961ea527cd875cefc5cdd46f6188efa2ecf0 (HEAD -> main, origin/main)
Merge: 04a44e3 f972a14
Author: sara-34 <saritaariaslondono12@gmail.com>
Date:   Fri Feb 3 08:20:33 2023 -0500

    Subiendo todos los cambios

diff --cc actividades/articulo.html
index 4b30dda,bbd079b..c91acf7
--- a/actividades/articulo.html
+++ b/actividades/articulo.html
@@@ -24,8 -23,11 +24,11 @@@
                          informacion adicional
                          que se necesita
                        </p>
 -                      <p>Suscribete</p>
 +                      <p>Suscribete a mi nuevo canal</p>
              </div>
+             <div id="footer">
+                 Trabajo de pie de pagina Platzi
+             </div>
          </div>

      </body>
diff --cc actividades/css/estilos.css
index 9d8dec0,8f60c41..ff84584
--- a/actividades/css/estilos.css
+++ b/actividades/css/estilos.css
@@@ -1,7 -1,6 +1,8 @@@
  body
  {
 +
 +    color: #333;
+     color: black;
      text-align: left;
      font-family: "Courier";
      font-size: 16px;
@@@ -11,18 -10,24 +12,30 @@@
  }
  #cabecera
  {
 +    background:#33A;
+     background: pink;
+     color: white;
+     margin: 0;
+     padding: 0.5em;

Sara@LAPTOP-8G48F3OK MINGW64 ~/proyecto1 (main)
$ git log
commit 4ebe961ea527cd875cefc5cdd46f6188efa2ecf0 (HEAD -> main, origin/main)
Merge: 04a44e3 f972a14
Author: sara-34 <saritaariaslondono12@gmail.com>
Date:   Fri Feb 3 08:20:33 2023 -0500

    Subiendo todos los cambios

commit 04a44e32280c4ef458b1f17d912e7f802a2aa098
Merge: a116dc3 7c208aa
Author: sara-34 <saritaariaslondono12@gmail.com>
Date:   Fri Feb 3 08:13:35 2023 -0500

    Merge branch 'header'

commit f972a14ba8f3e3807450678fa4dd03a071923b20 (origin/footer, footer)
Author: sara-34 <saritaariaslondono12@gmail.com>
Date:   Fri Feb 3 08:06:43 2023 -0500

    Agregando pies de pagina

commit 7c208aac1857737003a5bd04e817758a91855632 (header)
Author: sara-34 <saritaariaslondono12@gmail.com>
Date:   Fri Feb 3 07:58:53 2023 -0500

    Color, logo nuevo y mejor color header

commit a116dc3ae1a7d92a853b79b667c5902c5ceb04bf
Author: sara-34 <saritaariaslondono12@gmail.com>
Date:   Thu Feb 2 20:51:18 2023 -0500

    Subiendo codigo

commit 4ec5a02795d2171e831c2882372850810ebb9a64
Author: sara-34 <saritaariaslondono12@gmail.com>
Date:   Thu Feb 2 20:49:17 2023 -0500

    Subiendo codigo

commit 41029269a7999d10c3cc65bc591a5f19274f2d4a (origin/header)
Author: sara-34 <saritaariaslondono12@gmail.com>
Date:   Thu Feb 2 20:42:56 2023 -0500

    icono header

commit 35f446e203392fcc99b4ad2c8f6cfe1c7406b587 (origin/cabecera, cabecera)
Author: sara-34 <saritaariaslondono12@gmail.com>

Sara@LAPTOP-8G48F3OK MINGW64 ~/proyecto1 (main)
$

Sara@LAPTOP-8G48F3OK MINGW64 ~/proyecto1 (main)
$ git checkout header
Switched to branch 'header'

Sara@LAPTOP-8G48F3OK MINGW64 ~/proyecto1 (header)
$ git checkout footer
Switched to branch 'footer'

Sara@LAPTOP-8G48F3OK MINGW64 ~/proyecto1 (footer)
$ git pull origin main
From github.com:sara-34/curso-profesional-git-git-hub-platzi
 * branch            main       -> FETCH_HEAD
Updating f972a14..4ebe961
Fast-forward
 actividades/Imagenes/dragon.png |  Bin 0 -> 35146 bytes
 actividades/articulo.html       |    3 +-
 actividades/codigo-github.txt   | 1015 +++++++++++++++++++++++++++++++++++++++
 actividades/css/estilos.css     |   21 +-
 4 files changed, 1035 insertions(+), 4 deletions(-)
 create mode 100644 actividades/Imagenes/dragon.png

Sara@LAPTOP-8G48F3OK MINGW64 ~/proyecto1 (footer)
$ git checkout main
Switched to branch 'main'
Your branch is up to date with 'origin/main'.

Sara@LAPTOP-8G48F3OK MINGW64 ~/proyecto1 (main)
$ git status
On branch main
Your branch is up to date with 'origin/main'.

nothing to commit, working tree clean

Sara@LAPTOP-8G48F3OK MINGW64 ~/proyecto1 (main)
$






